Archive member included to satisfy reference by file (symbol)

c:/intelfpga_lite/17.1/nios2eds/bin/gnu/h-x86_64-mingw32/bin/../lib/gcc/nios2-elf/5.3.0/../../../../../H-x86_64-mingw32/nios2-elf/lib/mhw-mulx\libstdc++.a(si_class_type_info.o)
                              obj/default/Keyboard.o (vtable for __cxxabiv1::__si_class_type_info)
c:/intelfpga_lite/17.1/nios2eds/bin/gnu/h-x86_64-mingw32/bin/../lib/gcc/nios2-elf/5.3.0/../../../../../H-x86_64-mingw32/nios2-elf/lib/mhw-mulx\libstdc++.a(class_type_info.o)
                              c:/intelfpga_lite/17.1/nios2eds/bin/gnu/h-x86_64-mingw32/bin/../lib/gcc/nios2-elf/5.3.0/../../../../../H-x86_64-mingw32/nios2-elf/lib/mhw-mulx\libstdc++.a(si_class_type_info.o) (__cxxabiv1::__class_type_info::__do_upcast(__cxxabiv1::__class_type_info const*, void**) const)
c:/intelfpga_lite/17.1/nios2eds/bin/gnu/h-x86_64-mingw32/bin/../lib/gcc/nios2-elf/5.3.0/../../../../../H-x86_64-mingw32/nios2-elf/lib/mhw-mulx\libstdc++.a(tinfo.o)
                              c:/intelfpga_lite/17.1/nios2eds/bin/gnu/h-x86_64-mingw32/bin/../lib/gcc/nios2-elf/5.3.0/../../../../../H-x86_64-mingw32/nios2-elf/lib/mhw-mulx\libstdc++.a(class_type_info.o) (std::type_info::~type_info())
c:/intelfpga_lite/17.1/nios2eds/bin/gnu/h-x86_64-mingw32/bin/../lib/gcc/nios2-elf/5.3.0/../../../../../H-x86_64-mingw32/nios2-elf/lib/mhw-mulx\libstdc++.a(pure.o)
                              obj/default/ControllerInterface.o (__cxa_pure_virtual)
c:/intelfpga_lite/17.1/nios2eds/bin/gnu/h-x86_64-mingw32/bin/../lib/gcc/nios2-elf/5.3.0/../../../../../H-x86_64-mingw32/nios2-elf/lib/mhw-mulx\libstdc++.a(del_op.o)
                              c:/intelfpga_lite/17.1/nios2eds/bin/gnu/h-x86_64-mingw32/bin/../lib/gcc/nios2-elf/5.3.0/../../../../../H-x86_64-mingw32/nios2-elf/lib/mhw-mulx\libstdc++.a(si_class_type_info.o) (operator delete(void*))
c:/intelfpga_lite/17.1/nios2eds/bin/gnu/h-x86_64-mingw32/bin/../lib/gcc/nios2-elf/5.3.0/../../../../../H-x86_64-mingw32/nios2-elf/lib/mhw-mulx\libstdc++.a(eh_terminate.o)
                              c:/intelfpga_lite/17.1/nios2eds/bin/gnu/h-x86_64-mingw32/bin/../lib/gcc/nios2-elf/5.3.0/../../../../../H-x86_64-mingw32/nios2-elf/lib/mhw-mulx\libstdc++.a(pure.o) (std::terminate())
c:/intelfpga_lite/17.1/nios2eds/bin/gnu/h-x86_64-mingw32/bin/../lib/gcc/nios2-elf/5.3.0/../../../../../H-x86_64-mingw32/nios2-elf/lib/mhw-mulx\libstdc++.a(eh_term_handler.o)
                              c:/intelfpga_lite/17.1/nios2eds/bin/gnu/h-x86_64-mingw32/bin/../lib/gcc/nios2-elf/5.3.0/../../../../../H-x86_64-mingw32/nios2-elf/lib/mhw-mulx\libstdc++.a(eh_terminate.o) (__cxxabiv1::__terminate_handler)
c:/intelfpga_lite/17.1/nios2eds/bin/gnu/h-x86_64-mingw32/bin/../lib/gcc/nios2-elf/5.3.0/../../../../../H-x86_64-mingw32/nios2-elf/lib/mhw-mulx\libstdc++.a(eh_unex_handler.o)
                              c:/intelfpga_lite/17.1/nios2eds/bin/gnu/h-x86_64-mingw32/bin/../lib/gcc/nios2-elf/5.3.0/../../../../../H-x86_64-mingw32/nios2-elf/lib/mhw-mulx\libstdc++.a(eh_terminate.o) (__cxxabiv1::__unexpected_handler)
c:/intelfpga_lite/17.1/nios2eds/bin/gnu/h-x86_64-mingw32/bin/../lib/gcc/nios2-elf/5.3.0/../../../../../H-x86_64-mingw32/nios2-elf/lib/mhw-mulx\libstdc++.a(eh_personality.o)
                              c:/intelfpga_lite/17.1/nios2eds/bin/gnu/h-x86_64-mingw32/bin/../lib/gcc/nios2-elf/5.3.0/../../../../../H-x86_64-mingw32/nios2-elf/lib/mhw-mulx\libstdc++.a(eh_terminate.o) (__gxx_personality_sj0)
c:/intelfpga_lite/17.1/nios2eds/bin/gnu/h-x86_64-mingw32/bin/../lib/gcc/nios2-elf/5.3.0/../../../../../H-x86_64-mingw32/nios2-elf/lib/mhw-mulx\libstdc++.a(eh_catch.o)
                              c:/intelfpga_lite/17.1/nios2eds/bin/gnu/h-x86_64-mingw32/bin/../lib/gcc/nios2-elf/5.3.0/../../../../../H-x86_64-mingw32/nios2-elf/lib/mhw-mulx\libstdc++.a(eh_terminate.o) (__cxa_begin_catch)
c:/intelfpga_lite/17.1/nios2eds/bin/gnu/h-x86_64-mingw32/bin/../lib/gcc/nios2-elf/5.3.0/../../../../../H-x86_64-mingw32/nios2-elf/lib/mhw-mulx\libstdc++.a(eh_throw.o)
                              c:/intelfpga_lite/17.1/nios2eds/bin/gnu/h-x86_64-mingw32/bin/../lib/gcc/nios2-elf/5.3.0/../../../../../H-x86_64-mingw32/nios2-elf/lib/mhw-mulx\libstdc++.a(eh_personality.o) (__cxa_throw)
c:/intelfpga_lite/17.1/nios2eds/bin/gnu/h-x86_64-mingw32/bin/../lib/gcc/nios2-elf/5.3.0/../../../../../H-x86_64-mingw32/nios2-elf/lib/mhw-mulx\libstdc++.a(eh_call.o)
                              c:/intelfpga_lite/17.1/nios2eds/bin/gnu/h-x86_64-mingw32/bin/../lib/gcc/nios2-elf/5.3.0/../../../../../H-x86_64-mingw32/nios2-elf/lib/mhw-mulx\libstdc++.a(eh_personality.o) (__cxa_call_terminate)
c:/intelfpga_lite/17.1/nios2eds/bin/gnu/h-x86_64-mingw32/bin/../lib/gcc/nios2-elf/5.3.0/../../../../../H-x86_64-mingw32/nios2-elf/lib/mhw-mulx\libstdc++.a(eh_alloc.o)
[...]
Memory Configuration

Name             Origin             Length             Attributes
reset            0x0000000000000000 0x0000000000000020
SDRAM            0x0000000000000020 0x0000000003ffffe0
VGA_Subsystem_Char_Buf_Subsystem_Onchip_SRAM 0x0000000009000000 0x0000000000002000
*default*        0x0000000000000000 0xffffffffffffffff

Linker script and memory map

LOAD ../Pac-Man_bsp//obj/HAL/src/crt0.o
LOAD obj/default/ControllerInterface.o
LOAD obj/default/Entity.o
LOAD obj/default/Game.o
LOAD obj/default/Keyboard.o
LOAD obj/default/PacMan.o
LOAD obj/default/VGA.o
LOAD obj/default/VideoInterface.o
LOAD obj/default/main.o
LOAD c:/intelfpga_lite/17.1/nios2eds/bin/gnu/h-x86_64-mingw32/bin/../lib/gcc/nios2-elf/5.3.0/../../../../../H-x86_64-mingw32/nios2-elf/lib/mhw-mulx\libstdc++.a
LOAD c:/intelfpga_lite/17.1/nios2eds/bin/gnu/h-x86_64-mingw32/bin/../lib/gcc/nios2-elf/5.3.0/../../../../../H-x86_64-mingw32/nios2-elf/lib/mhw-mulx\libm.a
LOAD c:/intelfpga_lite/17.1/nios2eds/bin/gnu/h-x86_64-mingw32/bin/../lib/gcc/nios2-elf/5.3.0/mhw-mulx\libgcc.a
START GROUP
LOAD c:/intelfpga_lite/17.1/nios2eds/bin/gnu/h-x86_64-mingw32/bin/../lib/gcc/nios2-elf/5.3.0/../../../../../H-x86_64-mingw32/nios2-elf/lib/mhw-mulx\libc.a
LOAD c:/intelfpga_lite/17.1/nios2eds/bin/gnu/h-x86_64-mingw32/bin/../lib/gcc/nios2-elf/5.3.0/mhw-mulx\libgcc.a
LOAD ../Pac-Man_bsp/\libucosii_bsp.a
LOAD c:/intelfpga_lite/17.1/nios2eds/bin/gnu/h-x86_64-mingw32/bin/../lib/gcc/nios2-elf/5.3.0/../../../../../H-x86_64-mingw32/nios2-elf/lib/mhw-mulx\libm.a
END GROUP
LOAD c:/intelfpga_lite/17.1/nios2eds/bin/gnu/h-x86_64-mingw32/bin/../lib/gcc/nios2-elf/5.3.0/mhw-mulx\libgcc.a
                0x0000000000000000                __alt_mem_SDRAM = 0x0
                0x0000000009000000                __alt_mem_VGA_Subsystem_Char_Buf_Subsystem_Onchip_SRAM = 0x9000000

.entry          0x0000000000000000       0x20
 *(.entry)
 .entry         0x0000000000000000       0x20 ../Pac-Man_bsp//obj/HAL/src/crt0.o
                0x0000000000000000                __reset

.exceptions     0x0000000000000020      0x228
                0x0000000000000020                PROVIDE (__ram_exceptions_start, ABSOLUTE (.))
                0x0000000000000020                . = ALIGN (0x20)
 *(.irq)
 *(.exceptions.entry.label)
 .exceptions.entry.label
                0x0000000000000020        0x0 ../Pac-Man_bsp/\libucosii_bsp.a(alt_irq_entry.o)
                0x0000000000000020                alt_irq_entry
 .exceptions.entry.label
                0x0000000000000020        0x0 ../Pac-Man_bsp/\libucosii_bsp.a(alt_exception_entry.o)
                0x0000000000000020                alt_exception
 *(.exceptions.entry.user)
 *(.exceptions.entry.ecc_fatal)
 *(.exceptions.entry)
 .exceptions.entry
                0x0000000000000020       0x54 ../Pac-Man_bsp/\libucosii_bsp.a(alt_exception_entry.o)
 *(.exceptions.irqtest.user)
 *(.exceptions.irqtest)
 .exceptions.irqtest
                0x0000000000000074       0x10 ../Pac-Man_bsp/\libucosii_bsp.a(alt_irq_entry.o)
 *(.exceptions.irqhandler.user)
 *(.exceptions.irqhandler)
 .exceptions.irqhandler
                0x0000000000000084        0x4 ../Pac-Man_bsp/\libucosii_bsp.a(alt_irq_entry.o)
 *(.exceptions.irqreturn.user)
 *(.exceptions.irqreturn)
 .exceptions.irqreturn
                0x0000000000000088        0x4 ../Pac-Man_bsp/\libucosii_bsp.a(alt_irq_entry.o)
 *(.exceptions.notirq.label)
 .exceptions.notirq.label
                0x000000000000008c        0x0 ../Pac-Man_bsp/\libucosii_bsp.a(alt_irq_entry.o)
 *(.exceptions.notirq.user)
 *(.exceptions.notirq)
 .exceptions.notirq
                0x000000000000008c        0x8 ../Pac-Man_bsp/\libucosii_bsp.a(alt_exception_entry.o)
 *(.exceptions.soft.user)
 *(.exceptions.soft)
 *(.exceptions.unknown.user)
 *(.exceptions.unknown)
 .exceptions.unknown
                0x0000000000000094       0x14 ../Pac-Man_bsp/\libucosii_bsp.a(alt_exception_entry.o)
 *(.exceptions.exit.label)
 .exceptions.exit.label
                0x00000000000000a8        0x0 ../Pac-Man_bsp/\libucosii_bsp.a(alt_irq_entry.o)
 .exceptions.exit.label
                0x00000000000000a8        0x0 ../Pac-Man_bsp/\libucosii_bsp.a(alt_exception_entry.o)
 *(.exceptions.exit.user)
 *(.exceptions.exit)
 .exceptions.exit
                0x00000000000000a8       0x54 ../Pac-Man_bsp/\libucosii_bsp.a(alt_exception_entry.o)
 *(.exceptions)
 .exceptions    0x00000000000000fc       0xd8 ../Pac-Man_bsp/\libucosii_bsp.a(alt_irq_handler.o)
                0x00000000000000fc                alt_irq_handler
 .exceptions    0x00000000000001d4       0x74 ../Pac-Man_bsp/\libucosii_bsp.a(alt_instruction_exception_entry.o)
                0x00000000000001d4                alt_instruction_exception_entry
                0x0000000000000248                PROVIDE (__ram_exceptions_end, ABSOLUTE (.))
                0x0000000000000020                PROVIDE (__flash_exceptions_start, LOADADDR (.exceptions))

.text           0x0000000000000248    0x1f08c
                [!provide]                        PROVIDE (stext, ABSOLUTE (.))
 *(.interp)
 *(.hash)
 *(.dynsym)
 *(.dynstr)
 *(.gnu.version)
 *(.gnu.version_d)
 *(.gnu.version_r)
 *(.rel.init)
 *(.rela.init)
 *(.rel.text .rel.text.* .rel.gnu.linkonce.t.*)
 *(.rela.text .rela.text.* .rela.gnu.linkonce.t.*)
 *(.rel.fini)
 *(.rela.fini)
 *(.rel.rodata .rel.rodata.* .rel.gnu.linkonce.r.*)
 *(.rela.rodata .rela.rodata.* .rela.gnu.linkonce.r.*)
 *(.rel.data .rel.data.* .rel.gnu.linkonce.d.*)
 *(.rela.data .rela.data.* .rela.gnu.linkonce.d.*)
 *(.rel.tdata .rel.tdata.* .rel.gnu.linkonce.td.*)
 *(.rela.tdata .rela.tdata.* .rela.gnu.linkonce.td.*)
 *(.rel.tbss .rel.tbss.* .rel.gnu.linkonce.tb.*)
 *(.rela.tbss .rela.tbss.* .rela.gnu.linkonce.tb.*)
 *(.rel.ctors)
 *(.rela.ctors)
 *(.rel.dtors)
 *(.rela.dtors)
 *(.rel.got)
 *(.rela.got)
 *(.rel.sdata .rel.sdata.* .rel.gnu.linkonce.s.*)
 *(.rela.sdata .rela.sdata.* .rela.gnu.linkonce.s.*)
 *(.rel.sbss .rel.sbss.* .rel.gnu.linkonce.sb.*)
 *(.rela.sbss .rela.sbss.* .rela.gnu.linkonce.sb.*)
 *(.rel.sdata2 .rel.sdata2.* .rel.gnu.linkonce.s2.*)
 *(.rela.sdata2 .rela.sdata2.* .rela.gnu.linkonce.s2.*)
 *(.rel.sbss2 .rel.sbss2.* .rel.gnu.linkonce.sb2.*)
 *(.rela.sbss2 .rela.sbss2.* .rela.gnu.linkonce.sb2.*)
 *(.rel.bss .rel.bss.* .rel.gnu.linkonce.b.*)
 *(.rela.bss .rela.bss.* .rela.gnu.linkonce.b.*)
 *(.rel.plt)
 *(.rela.plt)
 *(.rel.dyn)
 *(.init)
 *(.plt)
 *(.text .stub .text.* .gnu.linkonce.t.*)
 .text          0x0000000000000248       0x3c ../Pac-Man_bsp//obj/HAL/src/crt0.o
                0x0000000000000248                _start
 .text          0x0000000000000284       0x74 obj/default/ControllerInterface.o
                0x0000000000000284                ControllerInterface::ControllerInterface()
                0x0000000000000284                ControllerInterface::ControllerInterface()
                0x00000000000002c0                ControllerInterface::getActiveButton()
 .text          0x00000000000002f8      0x278 obj/default/Entity.o
                0x00000000000002f8                Entity::Entity(int, int)
                0x00000000000002f8                Entity::Entity(int, int)
                0x0000000000000364                Entity::update(int)
                0x00000000000003e0                Entity::draw(VideoInterface*)
                0x0000000000000440                Entity::setDir(E_DIR)
                0x0000000000000480                Entity::setPos(int, int)
                0x00000000000004d0                Entity::getVelocity()
                0x00000000000004f8                Entity::getX()
                0x0000000000000520                Entity::getY()
                0x0000000000000548                Entity::getDir()
 .text          0x0000000000000570     0x1a20 obj/default/Game.o
                0x0000000000000570                Game::Game(ControllerInterface*, VideoInterface*)
                0x0000000000000570                Game::Game(ControllerInterface*, VideoInterface*)
                0x0000000000000644                Game::update(int)
                0x0000000000000890                Game::setInSquare(Entity*, int, int)
                0x00000000000008e8                Game::distanceToWalls(Entity*, int*, int*, int*, int*)
                0x0000000000000bb8                Game::updateMovement(Entity*, int)
                0x0000000000000dc4                Game::walkable(map_item_t)
                0x0000000000000e08                Game::draw()
                0x0000000000000e84                Game::drawMap()
 .text          0x0000000000001f90      0x21c obj/default/Keyboard.o
                0x0000000000001f90                Keyboard::Keyboard()
                0x0000000000001f90                Keyboard::Keyboard()
                0x0000000000002054                Keyboard::update()
 .text          0x00000000000021ac      0x6e4 obj/default/PacMan.o
                0x00000000000021ac                PacMan::PacMan(int, int)
                0x00000000000021ac                PacMan::PacMan(int, int)
                0x00000000000022c4                PacMan::_draw(VideoInterface*)
                0x00000000000027a4                PacMan::_update(int)
 .text          0x0000000000002890       0xdc obj/default/VGA.o
                0x0000000000002890                VGA::VGA(short*, int, int, int)
                0x0000000000002890                VGA::VGA(short*, int, int, int)
                0x00000000000028fc                VGA::_internalDrawPixel(int, int, unsigned short)
 .text          0x000000000000296c      0x9b4 obj/default/VideoInterface.o
                0x000000000000296c                VideoInterface::VideoInterface(int, int, int)
                0x000000000000296c                VideoInterface::VideoInterface(int, int, int)
                0x00000000000029dc                VideoInterface::drawPixel(int, int)
                0x0000000000002a30                VideoInterface::drawPixel(int, int, unsigned short)
                0x0000000000002ad4                VideoInterface::setColor(unsigned short)
                0x0000000000002b0c                VideoInterface::clear(unsigned short)
                0x0000000000002bc4                VideoInterface::setLineAlg(viLineAlg)
                0x0000000000002bf8                VideoInterface::drawLine(int, int, int, int)
                0x0000000000002c5c                VideoInterface::drawLine(int, int, int, int, unsigned short)
                0x0000000000002d00                VideoInterface::drawRect(int, int, int, int)
                0x0000000000002d64                VideoInterface::drawRect(int, int, int, int, unsigned short)
                0x0000000000002e14                VideoInterface::_drawLineDDA(int, int, int, int, unsigned short)
                0x0000000000002fd4                VideoInterface::_drawLineBRESENHAM(int, int, int, int, unsigned short)
 .text          0x0000000000003320      0x240 obj/default/main.o
                0x0000000000003320                JTAG(char const*)
                0x00000000000033ac                main
                0x0000000000003484                gfxLoop(void*)
                0x00000000000034cc                inputLoop(void*)
                0x0000000000003520                GameLoop(void*)
 .text          0x0000000000003560        0x0 c:/intelfpga_lite/17.1/nios2eds/bin/gnu/h-x86_64-mingw32/bin/../lib/gcc/nios2-elf/5.3.0/../../../../../H-x86_64-mingw32/nios2-elf/lib/mhw-mulx\libstdc++.a(si_class_type_info.o)
 .text._ZN10__cxxabiv120__si_class_type_infoD2Ev
                0x0000000000003560       0x10 c:/intelfpga_lite/17.1/nios2eds/bin/gnu/h-x86_64-mingw32/bin/../lib/gcc/nios2-elf/5.3.0/../../../../../H-x86_64-mingw32/nios2-elf/lib/mhw-mulx\libstdc++.a(si_class_type_info.o)
                0x0000000000003560                __cxxabiv1::__si_class_type_info::~__si_class_type_info()
                0x0000000000003560                __cxxabiv1::__si_class_type_info::~__si_class_type_info()
 .text._ZN10__cxxabiv120__si_class_type_infoD0Ev
                0x0000000000003570       0x34 c:/intelfpga_lite/17.1/nios2eds/bin/gnu/h-x86_64-mingw32/bin/../lib/gcc/nios2-elf/5.3.0/../../../../../H-x86_64-mingw32/nios2-elf/lib/mhw-mulx\libstdc++.a(si_class_type_info.o)
                0x0000000000003570                __cxxabiv1::__si_class_type_info::~__si_class_type_info()
 .text._ZNK10__cxxabiv120__si_class_type_info12__do_dyncastEiNS_17__class_type_info10__sub_kindEPKS1_PKvS4_S6_RNS1_16__dyncast_resultE
                0x00000000000035a4      0x160 c:/intelfpga_lite/17.1/nios2eds/bin/gnu/h-x86_64-mingw32/bin/../lib/gcc/nios2-elf/5.3.0/../../../../../H-x86_64-mingw32/nios2-elf/lib/mhw-mulx\libstdc++.a(si_class_type_info.o)
                0x00000000000035a4                __cxxabiv1::__si_class_type_info::__do_dyncast(int, __cxxabiv1::__class_type_info::__sub_kind, __cxxabiv1::__class_type_info const*, void const*, __cxxabiv1::__class_type_info const*, void const*, __cxxabiv1::__class_type_info::__dyncast_result&) const
 .text._ZNK10__cxxabiv120__si_class_type_info20__do_find_public_srcEiPKvPKNS_17__class_type_infoES2_
                0x0000000000003704       0x9c c:/intelfpga_lite/17.1/nios2eds/bin/gnu/h-x86_64-mingw32/bin/../lib/gcc/nios2-elf/5.3.0/../../../../../H-x86_64-mingw32/nios2-elf/lib/mhw-mulx\libstdc++.a(si_class_type_info.o)
                0x0000000000003704                __cxxabiv1::__si_class_type_info::__do_find_public_src(int, void const*, __cxxabiv1::__class_type_info const*, void const*) const
 .text._ZNK10__cxxabiv120__si_class_type_info11__do_upcastEPKNS_17__class_type_infoEPKvRNS1_15__upcast_resultE
                0x00000000000037a0       0x84 c:/intelfpga_lite/17.1/nios2eds/bin/gnu/h-x86_64-mingw32/bin/../lib/gcc/nios2-elf/5.3.0/../../../../../H-x86_64-mingw32/nios2-elf/lib/mhw-mulx\libstdc++.a(si_class_type_info.o)
                0x00000000000037a0                __cxxabiv1::__si_class_type_info::__do_upcast(__cxxabiv1::__class_type_info const*, void const*, __cxxabiv1::__class_type_info::__upcast_result&) const
 .text          0x0000000000003824        0x0 c:/intelfpga_lite/17.1/nios2eds/bin/gnu/h-x86_64-mingw32/bin/../lib/gcc/nios2-elf/5.3.0/../../../../../H-x86_64-mingw32/nios2-elf/lib/mhw-mulx\libstdc++.a(class_type_info.o)
 .text._ZNK10__cxxabiv117__class_type_info11__do_upcastEPKS0_PPv
                0x0000000000003824       0x78 c:/intelfpga_lite/17.1/nios2eds/bin/gnu/h-x86_64-mingw32/bin/../lib/gcc/nios2-elf/5.3.0/../../../../../H-x86_64-mingw32/nios2-elf/lib/mhw-mulx\libstdc++.a(class_type_info.o)
                0x0000000000003824                __cxxabiv1::__class_type_info::__do_upcast(__cxxabiv1::__class_type_info const*, void**) const
 .text._ZNK10__cxxabiv117__class_type_info20__do_find_public_srcEiPKvPKS0_S2_
                0x000000000000389c       0x18 c:/intelfpga_lite/17.1/nios2eds/bin/gnu/h-x86_64-mingw32/bin/../lib/gcc/nios2-elf/5.3.0/../../../../../H-x86_64-mingw32/nios2-elf/lib/mhw-mulx\libstdc++.a(class_type_info.o)
                0x000000000000389c                __cxxabiv1::__class_type_info::__do_find_public_src(int, void const*, __cxxabiv1::__class_type_info const*, void const*) const
 .text._ZN10__cxxabiv117__class_type_infoD2Ev
                0x00000000000038b4       0x10 c:/intelfpga_lite/17.1/nios2eds/bin/gnu/h-x86_64-mingw32/bin/../lib/gcc/nios2-elf/5.3.0/../../../../../H-x86_64-mingw32/nios2-elf/lib/mhw-mulx\libstdc++.a(class_type_info.o)
                0x00000000000038b4                __cxxabiv1::__class_type_info::~__class_type_info()
                0x00000000000038b4                __cxxabiv1::__class_type_info::~__class_type_info()
 .text._ZN10__cxxabiv117__class_type_infoD0Ev
                0x00000000000038c4       0x34 c:/intelfpga_lite/17.1/nios2eds/bin/gnu/h-x86_64-mingw32/bin/../lib/gcc/nios2-elf/5.3.0/../../../../../H-x86_64-mingw32/nios2-elf/lib/mhw-mulx\libstdc++.a(class_type_info.o)
                0x00000000000038c4                __cxxabiv1::__class_type_info::~__class_type_info()
 .text._ZNK10__cxxabiv117__class_type_info11__do_upcastEPKS0_PKvRNS0_15__upcast_resultE
                0x00000000000038f8       0x6c c:/intelfpga_lite/17.1/nios2eds/bin/gnu/h-x86_64-mingw32/bin/../lib/gcc/nios2-elf/5.3.0/../../../../../H-x86_64-mingw32/nios2-elf/lib/mhw-mulx\libstdc++.a(class_type_info.o)
                0x00000000000038f8                __cxxabiv1::__class_type_info::__do_upcast(__cxxabiv1::__class_type_info const*, void const*, __cxxabiv1::__class_type_info::__upcast_result&) const
 .text._ZNK10__cxxabiv117__class_type_info12__do_dyncastEiNS0_10__sub_kindEPKS0_PKvS3_S5_RNS0_16__dyncast_resultE
                0x0000000000003964       0xd0 c:/intelfpga_lite/17.1/nios2eds/bin/gnu/h-x86_64-mingw32/bin/../lib/gcc/nios2-elf/5.3.0/../../../../../H-x86_64-mingw32/nios2-elf/lib/mhw-mulx\libstdc++.a(class_type_info.o)
                0x0000000000003964                __cxxabiv1::__class_type_info::__do_dyncast(int, __cxxabiv1::__class_type_info::__sub_kind, __cxxabiv1::__class_type_info const*, void const*, __cxxabiv1::__class_type_info const*, void const*, __cxxabiv1::__class_type_info::__dyncast_result&) const
 .text._ZNK10__cxxabiv117__class_type_info10__do_catchEPKSt9type_infoPPvj
                0x0000000000003a34       0xb8 c:/intelfpga_lite/17.1/nios2eds/bin/gnu/h-x86_64-mingw32/bin/../lib/gcc/nios2-elf/5.3.0/../../../../../H-x86_64-mingw32/nios2-elf/lib/mhw-mulx\libstdc++.a(class_type_info.o)
                0x0000000000003a34                __cxxabiv1::__class_type_info::__do_catch(std::type_info const*, void**, unsigned int) const
 .text          0x0000000000003aec        0x0 c:/intelfpga_lite/17.1/nios2eds/bin/gnu/h-x86_64-mingw32/bin/../lib/gcc/nios2-elf/5.3.0/../../../../../H-x86_64-mingw32/nios2-elf/lib/mhw-mulx\libstdc++.a(tinfo.o)
 .text._ZNSt9type_infoD2Ev
                0x0000000000003aec        0x4 c:/intelfpga_lite/17.1/nios2eds/bin/gnu/h-x86_64-mingw32/bin/../lib/gcc/nios2-elf/5.3.0/../../../../../H-x86_64-mingw32/nios2-elf/lib/mhw-mulx\libstdc++.a(tinfo.o)
                0x0000000000003aec                std::type_info::~type_info()
                0x0000000000003aec                std::type_info::~type_info()
 .text._ZNKSt9type_info15__is_function_pEv
                0x0000000000003af0        0x8 c:/intelfpga_lite/17.1/nios2eds/bin/gnu/h-x86_64-mingw32/bin/../lib/gcc/nios2-elf/5.3.0/../../../../../H-x86_64-mingw32/nios2-elf/lib/mhw-mulx\libstdc++.a(tinfo.o)
                0x0000000000003af0                std::type_info::__is_pointer_p() const
                0x0000000000003af0                std::type_info::__is_function_p() const
 .text._ZNKSt9type_info11__do_upcastEPKN10__cxxabiv117__class_type_infoEPPv
                0x0000000000003af8        0x8 c:/intelfpga_lite/17.1/nios2eds/bin/gnu/h-x86_64-mingw32/bin/../lib/gcc/nios2-elf/5.3.0/../../../../../H-x86_64-mingw32/nios2-elf/lib/mhw-mulx\libstdc++.a(tinfo.o)
                0x0000000000003af8                std::type_info::__do_upcast(__cxxabiv1::__class_type_info const*, void**) const
 .text._ZNSt9type_infoD0Ev
                0x0000000000003b00        0x4 c:/intelfpga_lite/17.1/nios2eds/bin/gnu/h-x86_64-mingw32/bin/../lib/gcc/nios2-elf/5.3.0/../../../../../H-x86_64-mingw32/nios2-elf/lib/mhw-mulx\libstdc++.a(tinfo.o)
                0x0000000000003b00                std::type_info::~type_info()
 .text._ZNKSt9type_info10__do_catchEPKS_PPvj
                0x0000000000003b04       0x44 c:/intelfpga_lite/17.1/nios2eds/bin/gnu/h-x86_64-mingw32/bin/../lib/gcc/nios2-elf/5.3.0/../../../../../H-x86_64-mingw32/nios2-elf/lib/mhw-mulx\libstdc++.a(tinfo.o)
                0x0000000000003b04                std::type_info::__do_catch(std::type_info const*, void**, unsigned int) const
 .text          0x0000000000003b48        0x0 c:/intelfpga_lite/17.1/nios2eds/bin/gnu/h-x86_64-mingw32/bin/../lib/gcc/nios2-elf/5.3.0/../../../../../H-x86_64-mingw32/nios2-elf/lib/mhw-mulx\libstdc++.a(pure.o)
 .text.__cxa_pure_virtual
                0x0000000000003b48       0x20 c:/intelfpga_lite/17.1/nios2eds/bin/gnu/h-x86_64-mingw32/bin/../lib/gcc/nios2-elf/5.3.0/../../../../../H-x86_64-mingw32/nios2-elf/lib/mhw-mulx\libstdc++.a(pure.o)
                0x0000000000003b48                __cxa_pure_virtual
 .text.__cxa_deleted_virtual
                0x0000000000003b68       0x20 c:/intelfpga_lite/17.1/nios2eds/bin/gnu/h-x86_64-mingw32/bin/../lib/gcc/nios2-elf/5.3.0/../../../../../H-x86_64-mingw32/nios2-elf/lib/mhw-mulx\libstdc++.a(pure.o)
                0x0000000000003b68                __cxa_deleted_virtual
 .text          0x0000000000003b88        0x0 c:/intelfpga_lite/17.1/nios2eds/bin/gnu/h-x86_64-mingw32/bin/../lib/gcc/nios2-elf/5.3.0/../../../../../H-x86_64-mingw32/nios2-elf/lib/mhw-mulx\libstdc++.a(del_op.o)
 .text._ZdlPv   0x0000000000003b88        0x4 c:/intelfpga_lite/17.1/nios2eds/bin/gnu/h-x86_64-mingw32/bin/../lib/gcc/nios2-elf/5.3.0/../../../../../H-x86_64-mingw32/nios2-elf/lib/mhw-mulx\libstdc++.a(del_op.o)
                0x0000000000003b88                operator delete(void*)
 .text          0x0000000000003b8c        0x0 c:/intelfpga_lite/17.1/nios2eds/bin/gnu/h-x86_64-mingw32/bin/../lib/gcc/nios2-elf/5.3.0/../../../../../H-x86_64-mingw32/nios2-elf/lib/mhw-mulx\libstdc++.a(eh_terminate.o)
 .text._ZN10__cxxabiv111__terminateEPFvvE
                0x0000000000003b8c       0xc0 c:/intelfpga_lite/17.1/nios2eds/bin/gnu/h-x86_64-mingw32/bin/../lib/gcc/nios2-elf/5.3.0/../../../../../H-x86_64-mingw32/nios2-elf/lib/mhw-mulx\libstdc++.a(eh_terminate.o)
                0x0000000000003b8c                __cxxabiv1::__terminate(void (*)())
 .text._ZSt9terminatev
                0x0000000000003c4c       0x18 c:/intelfpga_lite/17.1/nios2eds/bin/gnu/h-x86_64-mingw32/bin/../lib/gcc/nios2-elf/5.3.0/../../../../../H-x86_64-mingw32/nios2-elf/lib/mhw-mulx\libstdc++.a(eh_terminate.o)
                0x0000000000003c4c                std::terminate()
 .text._ZN10__cxxabiv112__unexpectedEPFvvE
                0x0000000000003c64       0x10 c:/intelfpga_lite/17.1/nios2eds/bin/gnu/h-x86_64-mingw32/bin/../lib/gcc/nios2-elf/5.3.0/../../../../../H-x86_64-mingw32/nios2-elf/lib/mhw-mulx\libstdc++.a(eh_terminate.o)
                0x0000000000003c64                __cxxabiv1::__unexpected(void (*)())
 .text._ZSt10unexpectedv
                0x0000000000003c74       0x18 c:/intelfpga_lite/17.1/nios2eds/bin/gnu/h-x86_64-mingw32/bin/../lib/gcc/nios2-elf/5.3.0/../../../../../H-x86_64-mingw32/nios2-elf/lib/mhw-mulx\libstdc++.a(eh_terminate.o)
                0x0000000000003c74                std::unexpected()
 .text._ZSt13set_terminatePFvvE
                0x0000000000003c8c       0x14 c:/intelfpga_lite/17.1/nios2eds/bin/gnu/h-x86_64-mingw32/bin/../lib/gcc/nios2-elf/5.3.0/../../../../../H-x86_64-mingw32/nios2-elf/lib/mhw-mulx\libstdc++.a(eh_terminate.o)
                0x0000000000003c8c                std::set_terminate(void (*)())
 .text._ZSt13get_terminatev
                0x0000000000003ca0       0x10 c:/intelfpga_lite/17.1/nios2eds/bin/gnu/h-x86_64-mingw32/bin/../lib/gcc/nios2-elf/5.3.0/../../../../../H-x86_64-mingw32/nios2-elf/lib/mhw-mulx\libstdc++.a(eh_terminate.o)
                0x0000000000003ca0                std::get_terminate()
 .text._ZSt14set_unexpectedPFvvE
                0x0000000000003cb0       0x14 c:/intelfpga_lite/17.1/nios2eds/bin/gnu/h-x86_64-mingw32/bin/../lib/gcc/nios2-elf/5.3.0/../../../../../H-x86_64-mingw32/nios2-elf/lib/mhw-mulx\libstdc++.a(eh_terminate.o)
                0x0000000000003cb0                std::set_unexpected(void (*)())
 .text._ZSt14get_unexpectedv
                0x0000000000003cc4       0x10 c:/intelfpga_lite/17.1/nios2eds/bin/gnu/h-x86_64-mingw32/bin/../lib/gcc/nios2-elf/5.3.0/../../../../../H-x86_64-mingw32/nios2-elf/lib/mhw-mulx\libstdc++.a(eh_terminate.o)
                0x0000000000003cc4                std::get_unexpected()
 .text          0x0000000000003cd4        0x0 c:/intelfpga_lite/17.1/nios2eds/bin/gnu/h-x86_64-mingw32/bin/../lib/gcc/nios2-elf/5.3.0/../../../../../H-x86_64-mingw32/nios2-elf/lib/mhw-mulx\libstdc++.a(eh_term_handler.o)
 .text          0x0000000000003cd4        0x0 c:/intelfpga_lite/17.1/nios2eds/bin/gnu/h-x86_64-mingw32/bin/../lib/gcc/nios2-elf/5.3.0/../../../../../H-x86_64-mingw32/nios2-elf/lib/mhw-mulx\libstdc++.a(eh_unex_handler.o)
 .text          0x0000000000003cd4        0x0 c:/intelfpga_lite/17.1/nios2eds/bin/gnu/h-x86_64-mingw32/bin/../lib/gcc/nios2-elf/5.3.0/../../../../../H-x86_64-mingw32/nios2-elf/lib/mhw-mulx\libstdc++.a(eh_personality.o)
 .text._ZL21size_of_encoded_valueh
                0x0000000000003cd4       0xa4 c:/intelfpga_lite/17.1/nios2eds/bin/gnu/h-x86_64-mingw32/bin/../lib/gcc/nios2-elf/5.3.0/../../../../../H-x86_64-mingw32/nios2-elf/lib/mhw-mulx\libstdc++.a(eh_personality.o)
 .text._ZL28read_encoded_value_with_basehjPKhPj
                0x0000000000003d78      0x20c c:/intelfpga_lite/17.1/nios2eds/bin/gnu/h-x86_64-mingw32/bin/../lib/gcc/nios2-elf/5.3.0/../../../../../H-x86_64-mingw32/nios2-elf/lib/mhw-mulx\libstdc++.a(eh_personality.o)
 .text._ZL15get_ttype_entryP16lsda_header_infom
                0x0000000000003f84       0x54 c:/intelfpga_lite/17.1/nios2eds/bin/gnu/h-x86_64-mingw32/bin/../lib/gcc/nios2-elf/5.3.0/../../../../../H-x86_64-mingw32/nios2-elf/lib/mhw-mulx\libstdc++.a(eh_personality.o)
 .text._ZL21base_of_encoded_valuehP15_Unwind_Context
                0x0000000000003fd8       0x8c c:/intelfpga_lite/17.1/nios2eds/bin/gnu/h-x86_64-mingw32/bin/../lib/gcc/nios2-elf/5.3.0/../../../../../H-x86_64-mingw32/nios2-elf/lib/mhw-mulx\libstdc++.a(eh_personality.o)
 .text._ZL17parse_lsda_headerP15_Unwind_ContextPKhP16lsda_header_info
                0x0000000000004064      0x134 c:/intelfpga_lite/17.1/nios2eds/bin/gnu/h-x86_64-mingw32/bin/../lib/gcc/nios2-elf/5.3.0/../../../../../H-x86_64-mingw32/nios2-elf/lib/mhw-mulx\libstdc++.a(eh_personality.o)
 .text._ZL16get_adjusted_ptrPKSt9type_infoS1_PPv.constprop.3
                0x0000000000004198       0x88 c:/intelfpga_lite/17.1/nios2eds/bin/gnu/h-x86_64-mingw32/bin/../lib/gcc/nios2-elf/5.3.0/../../../../../H-x86_64-mingw32/nios2-elf/lib/mhw-mulx\libstdc++.a(eh_personality.o)
 .text.unlikely._ZL28check_compact_exception_specPKSt9type_infoPvPKhij
                0x0000000000004220      0x1c0 c:/intelfpga_lite/17.1/nios2eds/bin/gnu/h-x86_64-mingw32/bin/../lib/gcc/nios2-elf/5.3.0/../../../../../H-x86_64-mingw32/nios2-elf/lib/mhw-mulx\libstdc++.a(eh_personality.o)
 .text._ZL20check_exception_specP16lsda_header_infoPKSt9type_infoPvl
                0x00000000000043e0       0xa8 c:/intelfpga_lite/17.1/nios2eds/bin/gnu/h-x86_64-mingw32/bin/../lib/gcc/nios2-elf/5.3.0/../../../../../H-x86_64-mingw32/nios2-elf/lib/mhw-mulx\libstdc++.a(eh_personality.o)
 .text.__gxx_personality_sj0
                0x0000000000004488      0x600 c:/intelfpga_lite/17.1/nios2eds/bin/gnu/h-x86_64-mingw32/bin/../lib/gcc/nios2-elf/5.3.0/../../../../../H-x86_64-mingw32/nios2-elf/lib/mhw-mulx\libstdc++.a(eh_personality.o)
                0x0000000000004488                __gxx_personality_sj0
 .text.__cxa_call_unexpected
                0x0000000000004a88      0x230 c:/intelfpga_lite/17.1/nios2eds/bin/gnu/h-x86_64-mingw32/bin/../lib/gcc/nios2-elf/5.3.0/../../../../../H-x86_64-mingw32/nios2-elf/lib/mhw-mulx\libstdc++.a(eh_personality.o)
                0x0000000000004a88                __cxa_call_unexpected
 .text          0x0000000000004cb8        0x0 c:/intelfpga_lite/17.1/nios2eds/bin/gnu/h-x86_64-mingw32/bin/../lib/gcc/nios2-elf/5.3.0/../../../../../H-x86_64-mingw32/nios2-elf/lib/mhw-mulx\libstdc++.a(eh_catch.o)
 .text.__cxa_get_exception_ptr
                0x0000000000004cb8        0x8 c:/intelfpga_lite/17.1/nios2eds/bin/gnu/h-x86_64-mingw32/bin/../lib/gcc/nios2-elf/5.3.0/../../../../../H-x86_64-mingw32/nios2-elf/lib/mhw-mulx\libstdc++.a(eh_catch.o)
                0x0000000000004cb8                __cxa_get_exception_ptr
 .text.__cxa_begin_catch
                0x0000000000004cc0       0xb4 c:/intelfpga_lite/17.1/nios2eds/bin/gnu/h-x86_64-mingw32/bin/../lib/gcc/nios2-elf/5.3.0/../../../../../H-x86_64-mingw32/nios2-elf/lib/mhw-mulx\libstdc++.a(eh_catch.o)
                0x0000000000004cc0                __cxa_begin_catch
 .text.__cxa_end_catch
                0x0000000000004d74       0xb4 c:/intelfpga_lite/17.1/nios2eds/bin/gnu/h-x86_64-mingw32/bin/../lib/gcc/nios2-elf/5.3.0/../../../../../H-x86_64-mingw32/nios2-elf/lib/mhw-mulx\libstdc++.a(eh_catch.o)
                0x0000000000004d74                __cxa_end_catch
 .text._ZSt18uncaught_exceptionv
                0x0000000000004e28       0x20 c:/intelfpga_lite/17.1/nios2eds/bin/gnu/h-x86_64-mingw32/bin/../lib/gcc/nios2-elf/5.3.0/../../../../../H-x86_64-mingw32/nios2-elf/lib/mhw-mulx\libstdc++.a(eh_catch.o)
                0x0000000000004e28                std::uncaught_exception()
 .text          0x0000000000004e48        0x0 c:/intelfpga_lite/17.1/nios2eds/bin/gnu/h-x86_64-mingw32/bin/../lib/gcc/nios2-elf/5.3.0/../../../../../H-x86_64-mingw32/nios2-elf/lib/mhw-mulx\libstdc++.a(eh_throw.o)
 .text._ZL23__gxx_exception_cleanup19_Unwind_Reason_CodeP17_Unwind_Exception
                0x0000000000004e48       0x44 c:/intelfpga_lite/17.1/nios2eds/bin/gnu/h-x86_64-mingw32/bin/../lib/gcc/nios2-elf/5.3.0/../../../../../H-x86_64-mingw32/nios2-elf/lib/mhw-mulx\libstdc++.a(eh_throw.o)
 .text.__cxa_throw
                0x0000000000004e8c       0x90 c:/intelfpga_lite/17.1/nios2eds/bin/gnu/h-x86_64-mingw32/bin/../lib/gcc/nios2-elf/5.3.0/../../../../../H-x86_64-mingw32/nios2-elf/lib/mhw-mulx\libstdc++.a(eh_throw.o)
                0x0000000000004e8c                __cxa_throw
 .text.__cxa_rethrow
                0x0000000000004f1c       0x84 c:/intelfpga_lite/17.1/nios2eds/bin/gnu/h-x86_64-mingw32/bin/../lib/gcc/nios2-elf/5.3.0/../../../../../H-x86_64-mingw32/nios2-elf/lib/mhw-mulx\libstdc++.a(eh_throw.o)
                0x0000000000004f1c                __cxa_rethrow
 .text          0x0000000000004fa0        0x0 c:/intelfpga_lite/17.1/nios2eds/bin/gnu/h-x86_64-mingw32/bin/../lib/gcc/nios2-elf/5.3.0/../../../../../H-x86_64-mingw32/nios2-elf/lib/mhw-mulx\libstdc++.a(eh_call.o)
 .text.__cxa_call_terminate
                0x0000000000004fa0       0x58 c:/intelfpga_lite/17.1/nios2eds/bin/gnu/h-x86_64-mingw32/bin/../lib/gcc/nios2-elf/5.3.0/../../../../../H-x86_64-mingw32/nios2-elf/lib/mhw-mulx\libstdc++.a(eh_call.o)
                0x0000000000004fa0                __cxa_call_terminate
 .text          0x0000000000004ff8        0x0 c:/intelfpga_lite/17.1/nios2eds/bin/gnu/h-x86_64-mingw32/bin/../lib/gcc/nios2-elf/5.3.0/../../../../../H-x86_64-mingw32/nios2-elf/lib/mhw-mulx\libstdc++.a(eh_alloc.o)
 .text._ZN12_GLOBAL__N_14pool4freeEPv.constprop.4
                0x0000000000004ff8       0xb8 c:/intelfpga_lite/17.1/nios2eds/bin/gnu/h-x86_64-mingw32/bin/../lib/gcc/nios2-elf/5.3.0/../../../../../H-x86_64-mingw32/nios2-elf/lib/mhw-mulx\libstdc++.a(eh_alloc.o)
 .text._ZN12_GLOBAL__N_14pool8allocateEj.constprop.5
                0x00000000000050b0       0xa8 c:/intelfpga_lite/17.1/nios2eds/bin/gnu/h-x86_64-mingw32/bin/../lib/gcc/nios2-elf/5.3.0/../../../../../H-x86_64-mingw32/nios2-elf/lib/mhw-mulx\libstdc++.a(eh_alloc.o)
 .text.__cxa_allocate_exception
                0x0000000000005158       0x60 c:/intelfpga_lite/17.1/nios2eds/bin/gnu/h-x86_64-mingw32/bin/../lib/gcc/nios2-elf/5.3.0/../../../../../H-x86_64-mingw32/nios2-elf/lib/mhw-mulx\libstdc++.a(eh_alloc.o)
                0x0000000000005158                __cxa_allocate_exception
 .text.__cxa_free_exception
                0x00000000000051b8       0x28 c:/intelfpga_lite/17.1/nios2eds/bin/gnu/h-x86_64-mingw32/bin/../lib/gcc/nios2-elf/5.3.0/../../../../../H-x86_64-mingw32/nios2-elf/lib/mhw-mulx\libstdc++.a(eh_alloc.o)
                0x00000000000051b8                __cxa_free_exception
 .text.__cxa_allocate_dependent_exception
                0x00000000000051e0       0x54 c:/intelfpga_lite/17.1/nios2eds/bin/gnu/h-x86_64-mingw32/bin/../lib/gcc/nios2-elf/5.3.0/../../../../../H-x86_64-mingw32/nios2-elf/lib/mhw-mulx\libstdc++.a(eh_alloc.o)
                0x00000000000051e0                __cxa_allocate_dependent_exception
 .text.__cxa_free_dependent_exception
                0x0000000000005234       0x2c c:/intelfpga_lite/17.1/nios2eds/bin/gnu/h-x86_64-mingw32/bin/../lib/gcc/nios2-elf/5.3.0/../../../../../H-x86_64-mingw32/nios2-elf/lib/mhw-mulx\libstdc++.a(eh_alloc.o)
                0x0000000000005234                __cxa_free_dependent_exception
 .text.startup._GLOBAL__sub_I___cxa_allocate_exception
                0x0000000000005260       0x5c c:/intelfpga_lite/17.1/nios2eds/bin/gnu/h-x86_64-mingw32/bin/../lib/gcc/nios2-elf/5.3.0/../../../../../H-x86_64-mingw32/nios2-elf/lib/mhw-mulx\libstdc++.a(eh_alloc.o)
 .text          0x00000000000052bc        0x0 c:/intelfpga_lite/17.1/nios2eds/bin/gnu/h-x86_64-mingw32/bin/../lib/gcc/nios2-elf/5.3.0/../../../../../H-x86_64-mingw32/nios2-elf/lib/mhw-mulx\libstdc++.a(eh_exception.o)
 .text._ZNSt9exceptionD2Ev
                0x00000000000052bc        0x4 c:/intelfpga_lite/17.1/nios2eds/bin/gnu/h-x86_64-mingw32/bin/../lib/gcc/nios2-elf/5.3.0/../../../../../H-x86_64-mingw32/nios2-elf/lib/mhw-mulx\libstdc++.a(eh_exception.o)
                0x00000000000052bc                std::exception::~exception()
                0x00000000000052bc                std::exception::~exception()
 .text._ZNSt13bad_exceptionD2Ev
                0x00000000000052c0        0x4 c:/intelfpga_lite/17.1/nios2eds/bin/gnu/h-x86_64-mingw32/bin/../lib/gcc/nios2-elf/5.3.0/../../../../../H-x86_64-mingw32/nios2-elf/lib/mhw-mulx\libstdc++.a(eh_exception.o)
                0x00000000000052c0                std::bad_exception::~bad_exception()
                0x00000000000052c0                std::bad_exception::~bad_exception()
 .text._ZNKSt9exception4whatEv
                0x00000000000052c4        0xc c:/intelfpga_lite/17.1/nios2eds/bin/gnu/h-x86_64-mingw32/bin/../lib/gcc/nios2-elf/5.3.0/../../../../../H-x86_64-mingw32/nios2-elf/lib/mhw-mulx\libstdc++.a(eh_exception.o)
                0x00000000000052c4                std::exception::what() const
 .text._ZNKSt13bad_exception4whatEv
                0x00000000000052d0        0xc c:/intelfpga_lite/17.1/nios2eds/bin/gnu/h-x86_64-mingw32/bin/../lib/gcc/nios2-elf/5.3.0/../../../../../H-x86_64-mingw32/nios2-elf/lib/mhw-mulx\libstdc++.a(eh_exception.o)
                0x00000000000052d0                std::bad_exception::what() const
 .text._ZNSt9exceptionD0Ev
                0x00000000000052dc        0x4 c:/intelfpga_lite/17.1/nios2eds/bin/gnu/h-x86_64-mingw32/bin/../lib/gcc/nios2-elf/5.3.0/../../../../../H-x86_64-mingw32/nios2-elf/lib/mhw-mulx\libstdc++.a(eh_exception.o)
                0x00000000000052dc                std::exception::~exception()
 .text._ZNSt13bad_exceptionD0Ev
                0x00000000000052e0        0x4 c:/intelfpga_lite/17.1/nios2eds/bin/gnu/h-x86_64-mingw32/bin/../lib/gcc/nios2-elf/5.3.0/../../../../../H-x86_64-mingw32/nios2-elf/lib/mhw-mulx\libstdc++.a(eh_exception.o)
                0x00000000000052e0                std::bad_exception::~bad_exception()
 .text._ZN10__cxxabiv115__forced_unwindD2Ev
                0x00000000000052e4        0x4 c:/intelfpga_lite/17.1/nios2eds/bin/gnu/h-x86_64-mingw32/bin/../lib/gcc/nios2-elf/5.3.0/../../../../../H-x86_64-mingw32/nios2-elf/lib/mhw-mulx\libstdc++.a(eh_exception.o)
                0x00000000000052e4                __cxxabiv1::__forced_unwind::~__forced_unwind()
                0x00000000000052e4                __cxxabiv1::__forced_unwind::~__forced_unwind()
 .text._ZN10__cxxabiv115__forced_unwindD0Ev
                0x00000000000052e8        0x4 c:/intelfpga_lite/17.1/nios2eds/bin/gnu/h-x86_64-mingw32/bin/../lib/gcc/nios2-elf/5.3.0/../../../../../H-x86_64-mingw32/nios2-elf/lib/mhw-mulx\libstdc++.a(eh_exception.o)
                0x00000000000052e8                __cxxabiv1::__forced_unwind::~__forced_unwind()
 .text._ZN10__cxxabiv119__foreign_exceptionD2Ev
                0x00000000000052ec        0x4 c:/intelfpga_lite/17.1/nios2eds/bin/gnu/h-x86_64-mingw32/bin/../lib/gcc/nios2-elf/5.3.0/../../../../../H-x86_64-mingw32/nios2-elf/lib/mhw-mulx\libstdc++.a(eh_exception.o)
                0x00000000000052ec                __cxxabiv1::__foreign_exception::~__foreign_exception()
                0x00000000000052ec                __cxxabiv1::__foreign_exception::~__foreign_exception()
 .text._ZN10__cxxabiv119__foreign_exceptionD0Ev
                0x00000000000052f0        0x4 c:/intelfpga_lite/17.1/nios2eds/bin/gnu/h-x86_64-mingw32/bin/../lib/gcc/nios2-elf/5.3.0/../../../../../H-x86_64-mingw32/nios2-elf/lib/mhw-mulx\libstdc++.a(eh_exception.o)
                0x00000000000052f0                __cxxabiv1::__foreign_exception::~__foreign_exception()
 .text          0x00000000000052f4        0x0 c:/intelfpga_lite/17.1/nios2eds/bin/gnu/h-x86_64-mingw32/bin/../lib/gcc/nios2-elf/5.3.0/../../../../../H-x86_64-mingw32/nios2-elf/lib/mhw-mulx\libstdc++.a(eh_globals.o)
 .text.__cxa_get_globals_fast
                0x00000000000052f4        0xc c:/intelfpga_lite/17.1/nios2eds/bin/gnu/h-x86_64-mingw32/bin/../lib/gcc/nios2-elf/5.3.0/../../../../../H-x86_64-mingw32/nios2-elf/lib/mhw-mulx\libstdc++.a(eh_globals.o)
                0x00000000000052f4                __cxa_get_globals_fast
 .text.__cxa_get_globals
                0x0000000000005300        0xc c:/intelfpga_lite/17.1/nios2eds/bin/gnu/h-x86_64-mingw32/bin/../lib/gcc/nios2-elf/5.3.0/../../../../../H-x86_64-mingw32/nios2-elf/lib/mhw-mulx\libstdc++.a(eh_globals.o)
                0x0000000000005300                __cxa_get_globals
 .text          0x000000000000530c        0x0 c:/intelfpga_lite/17.1/nios2eds/bin/gnu/h-x86_64-mingw32/bin/../lib/gcc/nios2-elf/5.3.0/../../../../../H-x86_64-mingw32/nios2-elf/lib/mhw-mulx\libm.a(lib_a-s_round.o)
 .text.round    0x000000000000530c      0x100 c:/intelfpga_lite/17.1/nios2eds/bin/gnu/h-x86_64-mingw32/bin/../lib/gcc/nios2-elf/5.3.0/../../../../../H-x86_64-mingw32/nios2-elf/lib/mhw-mulx\libm.a(lib_a-s_round.o)
                0x000000000000530c                round
 .text          0x000000000000540c        0x0 c:/intelfpga_lite/17.1/nios2eds/bin/gnu/h-x86_64-mingw32/bin/../lib/gcc/nios2-elf/5.3.0/../../../../../H-x86_64-mingw32/nios2-elf/lib/mhw-mulx\libm.a(lib_a-sf_round.o)
 .text.roundf   0x000000000000540c       0x84 c:/intelfpga_lite/17.1/nios2eds/bin/gnu/h-x86_64-mingw32/bin/../lib/gcc/nios2-elf/5.3.0/../../../../../H-x86_64-mingw32/nios2-elf/lib/mhw-mulx\libm.a(lib_a-sf_round.o)
                0x000000000000540c                roundf
 .text          0x0000000000005490      0x4c8 c:/intelfpga_lite/17.1/nios2eds/bin/gnu/h-x86_64-mingw32/bin/../lib/gcc/nios2-elf/5.3.0/mhw-mulx\libgcc.a(addsf3.o)
                0x0000000000005490                __addsf3
 .text          0x0000000000005958       0xbc c:/intelfpga_lite/17.1/nios2eds/bin/gnu/h-x86_64-mingw32/bin/../lib/gcc/nios2-elf/5.3.0/mhw-mulx\libgcc.a(gesf2.o)
                0x0000000000005958                __gesf2
                0x0000000000005958                __gtsf2
 .text          0x0000000000005a14       0xc8 c:/intelfpga_lite/17.1/nios2eds/bin/gnu/h-x86_64-mingw32/bin/../lib/gcc/nios2-elf/5.3.0/mhw-mulx\libgcc.a(lesf2.o)
                0x0000000000005a14                __ltsf2
                0x0000000000005a14                __lesf2
 .text          0x0000000000005adc       0x70 c:/intelfpga_lite/17.1/nios2eds/bin/gnu/h-x86_64-mingw32/bin/../lib/gcc/nios2-elf/5.3.0/mhw-mulx\libgcc.a(fixsfsi.o)
                0x0000000000005adc                __fixsfsi
 .text          0x0000000000005b4c      0x124 c:/intelfpga_lite/17.1/nios2eds/bin/gnu/h-x86_64-mingw32/bin/../lib/gcc/nios2-elf/5.3.0/mhw-mulx\libgcc.a(floatsisf.o)
                0x0000000000005b4c                __floatsisf
 .text          0x0000000000005c70      0x8ac c:/intelfpga_lite/17.1/nios2eds/bin/gnu/h-x86_64-mingw32/bin/../lib/gcc/nios2-elf/5.3.0/mhw-mulx\libgcc.a(adddf3.o)
                0x0000000000005c70                __adddf3
 .text          0x000000000000651c       0x80 c:/intelfpga_lite/17.1/nios2eds/bin/gnu/h-x86_64-mingw32/bin/../lib/gcc/nios2-elf/5.3.0/mhw-mulx\libgcc.a(fixdfsi.o)
                0x000000000000651c                __fixdfsi
 .text          0x000000000000659c       0xdc c:/intelfpga_lite/17.1/nios2eds/bin/gnu/h-x86_64-mingw32/bin/../lib/gcc/nios2-elf/5.3.0/mhw-mulx\libgcc.a(floatsidf.o)
                0x000000000000659c                __floatsidf
 .text          0x0000000000006678      0x110 c:/intelfpga_lite/17.1/nios2eds/bin/gnu/h-x86_64-mingw32/bin/../lib/gcc/nios2-elf/5.3.0/mhw-mulx\libgcc.a(extendsfdf2.o)
                0x0000000000006678                __extendsfdf2
 .text          0x0000000000006788      0x520 c:/intelfpga_lite/17.1/nios2eds/bin/gnu/h-x86_64-mingw32/bin/../lib/gcc/nios2-elf/5.3.0/mhw-mulx\libgcc.a(unwind-sjlj.o)
                0x0000000000006990                _Unwind_SjLj_Register
                0x00000000000069a8                _Unwind_SjLj_Unregister
                0x00000000000069bc                _Unwind_GetGR
                0x00000000000069d8                _Unwind_GetCFA
                0x00000000000069f0                _Unwind_SetGR
                0x0000000000006a0c                _Unwind_GetIP
                0x0000000000006a1c                _Unwind_GetIPInfo
                0x0000000000006a3c                _Unwind_SetIP
                0x0000000000006a4c                _Unwind_GetLanguageSpecificData
                0x0000000000006a58                _Unwind_GetRegionStart
                0x0000000000006a60                _Unwind_FindEnclosingFunction
                0x0000000000006a68                _Unwind_GetDataRelBase
                0x0000000000006a70                _Unwind_GetTextRelBase
                0x0000000000006a78                _Unwind_SjLj_RaiseException
                0x0000000000006b48                _Unwind_SjLj_ForcedUnwind
                0x0000000000006b8c                _Unwind_SjLj_Resume
                0x0000000000006bd0                _Unwind_SjLj_Resume_or_Rethrow
                0x0000000000006c1c                _Unwind_DeleteException
                0x0000000000006c34                _Unwind_Backtrace
 .text          0x0000000000006ca8       0x64 c:/intelfpga_lite/17.1/nios2eds/bin/gnu/h-x86_64-mingw32/bin/../lib/gcc/nios2-elf/5.3.0/mhw-mulx\libgcc.a(_clzsi2.o)
                0x0000000000006ca8                __clzsi2
 .text          0x0000000000006d0c        0x0 c:/intelfpga_lite/17.1/nios2eds/bin/gnu/h-x86_64-mingw32/bin/../lib/gcc/nios2-elf/5.3.0/mhw-mulx\libgcc.a(_clz.o)
 .text          0x0000000000006d0c        0x0 c:/intelfpga_lite/17.1/nios2eds/bin/gnu/h-x86_64-mingw32/bin/../lib/gcc/nios2-elf/5.3.0/../../../../../H-x86_64-mingw32/nios2-elf/lib/mhw-mulx\libc.a(lib_a-abort.o)
 .text.abort    0x0000000000006d0c       0x18 c:/intelfpga_lite/17.1/nios2eds/bin/gnu/h-x86_64-mingw32/bin/../lib/gcc/nios2-elf/5.3.0/../../../../../H-x86_64-mingw32/nios2-elf/lib/mhw-mulx\libc.a(lib_a-abort.o)
                0x0000000000006d0c                abort
 .text          0x0000000000006d24        0x0 c:/intelfpga_lite/17.1/nios2eds/bin/gnu/h-x86_64-mingw32/bin/../lib/gcc/nios2-elf/5.3.0/../../../../../H-x86_64-mingw32/nios2-elf/lib/mhw-mulx\libc.a(lib_a-malloc.o)
 .text.malloc   0x0000000000006d24       0x14 c:/intelfpga_lite/17.1/nios2eds/bin/gnu/h-x86_64-mingw32/bin/../lib/gcc/nios2-elf/5.3.0/../../../../../H-x86_64-mingw32/nios2-elf/lib/mhw-mulx\libc.a(lib_a-malloc.o)
                0x0000000000006d24                malloc
 .text.free     0x0000000000006d38       0x14 c:/intelfpga_lite/17.1/nios2eds/bin/gnu/h-x86_64-mingw32/bin/../lib/gcc/nios2-elf/5.3.0/../../../../../H-x86_64-mingw32/nios2-elf/lib/mhw-mulx\libc.a(lib_a-malloc.o)
                0x0000000000006d38                free
 .text          0x0000000000006d4c        0x0 c:/intelfpga_lite/17.1/nios2eds/bin/gnu/h-x86_64-mingw32/bin/../lib/gcc/nios2-elf/5.3.0/../../../../../H-x86_64-mingw32/nios2-elf/lib/mhw-mulx\libc.a(lib_a-mallocr.o)
 .text._malloc_r
                0x0000000000006d4c      0x80c c:/intelfpga_lite/17.1/nios2eds/bin/gnu/h-x86_64-mingw32/bin/../lib/gcc/nios2-elf/5.3.0/../../../../../H-x86_64-mingw32/nios2-elf/lib/mhw-mulx\libc.a(lib_a-mallocr.o)
                0x0000000000006d4c                _malloc_r
 .text          0x0000000000007558        0x0 c:/intelfpga_lite/17.1/nios2eds/bin/gnu/h-x86_64-mingw32/bin/../lib/gcc/nios2-elf/5.3.0/../../../../../H-x86_64-mingw32/nios2-elf/lib/mhw-mulx\libc.a(lib_a-memcpy.o)
 .text.memcpy   0x0000000000007558      0x148 c:/intelfpga_lite/17.1/nios2eds/bin/gnu/h-x86_64-mingw32/bin/../lib/gcc/nios2-elf/5.3.0/../../../../../H-x86_64-mingw32/nios2-elf/lib/mhw-mulx\libc.a(lib_a-memcpy.o)
                0x0000000000007558                memcpy
 .text          0x00000000000076a0        0x0 c:/intelfpga_lite/17.1/nios2eds/bin/gnu/h-x86_64-mingw32/bin/../lib/gcc/nios2-elf/5.3.0/../../../../../H-x86_64-mingw32/nios2-elf/lib/mhw-mulx\libc.a(lib_a-memset.o)
 .text.memset   0x00000000000076a0      0x128 c:/intelfpga_lite/17.1/nios2eds/bin/gnu/h-x86_64-mingw32/bin/../lib/gcc/nios2-elf/5.3.0/../../../../../H-x86_64-mingw32/nios2-elf/lib/mhw-mulx\libc.a(lib_a-memset.o)
                0x00000000000076a0                memset
 .text          0x00000000000077c8        0x0 c:/intelfpga_lite/17.1/nios2eds/bin/gnu/h-x86_64-mingw32/bin/../lib/gcc/nios2-elf/5.3.0/../../../../../H-x86_64-mingw32/nios2-elf/lib/mhw-mulx\libc.a(lib_a-printf.o)
 .text._printf_r
                0x00000000000077c8       0x30 c:/intelfpga_lite/17.1/nios2eds/bin/gnu/h-x86_64-mingw32/bin/../lib/gcc/nios2-elf/5.3.0/../../../../../H-x86_64-mingw32/nios2-elf/lib/mhw-mulx\libc.a(lib_a-printf.o)
                0x00000000000077c8                _printf_r
 .text.printf   0x00000000000077f8       0x3c c:/intelfpga_lite/17.1/nios2eds/bin/gnu/h-x86_64-mingw32/bin/../lib/gcc/nios2-elf/5.3.0/../../../../../H-x86_64-mingw32/nios2-elf/lib/mhw-mulx\libc.a(lib_a-printf.o)
                0x00000000000077f8                printf
 .text          0x0000000000007834        0x0 c:/intelfpga_lite/17.1/nios2eds/bin/gnu/h-x86_64-mingw32/bin/../lib/gcc/nios2-elf/5.3.0/../../../../../H-x86_64-mingw32/nios2-elf/lib/mhw-mulx\libc.a(lib_a-puts.o)
 .text._puts_r  0x0000000000007834       0xc0 c:/intelfpga_lite/17.1/nios2eds/bin/gnu/h-x86_64-mingw32/bin/../lib/gcc/nios2-elf/5.3.0/../../../../../H-x86_64-mingw32/nios2-elf/lib/mhw-mulx\libc.a(lib_a-puts.o)
                0x0000000000007834                _puts_r
 .text.puts     0x00000000000078f4       0x14 c:/intelfpga_lite/17.1/nios2eds/bin/gnu/h-x86_64-mingw32/bin/../lib/gcc/nios2-elf/5.3.0/../../../../../H-x86_64-mingw32/nios2-elf/lib/mhw-mulx\libc.a(lib_a-puts.o)
                0x00000000000078f4                puts
 .text          0x0000000000007908        0x0 c:/intelfpga_lite/17.1/nios2eds/bin/gnu/h-x86_64-mingw32/bin/../lib/gcc/nios2-elf/5.3.0/../../../../../H-x86_64-mingw32/nios2-elf/lib/mhw-mulx\libc.a(lib_a-sbrkr.o)
 .text._sbrk_r  0x0000000000007908       0x54 c:/intelfpga_lite/17.1/nios2eds/bin/gnu/h-x86_64-mingw32/bin/../lib/gcc/nios2-elf/5.3.0/../../../../../H-x86_64-mingw32/nios2-elf/lib/mhw-mulx\libc.a(lib_a-sbrkr.o)
                0x0000000000007908                _sbrk_r
 .text          0x000000000000795c        0x0 c:/intelfpga_lite/17.1/nios2eds/bin/gnu/h-x86_64-mingw32/bin/../lib/gcc/nios2-elf/5.3.0/../../../../../H-x86_64-mingw32/nios2-elf/lib/mhw-mulx\libc.a(lib_a-signal.o)
 .text._init_signal_r
                0x000000000000795c       0x6c c:/intelfpga_lite/17.1/nios2eds/bin/gnu/h-x86_64-mingw32/bin/../lib/gcc/nios2-elf/5.3.0/../../../../../H-x86_64-mingw32/nios2-elf/lib/mhw-mulx\libc.a(lib_a-signal.o)
                0x000000000000795c                _init_signal_r
 .text._signal_r
                0x00000000000079c8       0x84 c:/intelfpga_lite/17.1/nios2eds/bin/gnu/h-x86_64-mingw32/bin/../lib/gcc/nios2-elf/5.3.0/../../../../../H-x86_64-mingw32/nios2-elf/lib/mhw-mulx\libc.a(lib_a-signal.o)
                0x00000000000079c8                _signal_r
 .text._raise_r
                0x0000000000007a4c       0xbc c:/intelfpga_lite/17.1/nios2eds/bin/gnu/h-x86_64-mingw32/bin/../lib/gcc/nios2-elf/5.3.0/../../../../../H-x86_64-mingw32/nios2-elf/lib/mhw-mulx\libc.a(lib_a-signal.o)
                0x0000000000007a4c                _raise_r
 .text.__sigtramp_r
                0x0000000000007b08       0xa8 c:/intelfpga_lite/17.1/nios2eds/bin/gnu/h-x86_64-mingw32/bin/../lib/gcc/nios2-elf/5.3.0/../../../../../H-x86_64-mingw32/nios2-elf/lib/mhw-mulx\libc.a(lib_a-signal.o)
                0x0000000000007b08                __sigtramp_r
 .text.raise    0x0000000000007bb0       0x14 c:/intelfpga_lite/17.1/nios2eds/bin/gnu/h-x86_64-mingw32/bin/../lib/gcc/nios2-elf/5.3.0/../../../../../H-x86_64-mingw32/nios2-elf/lib/mhw-mulx\libc.a(lib_a-signal.o)
                0x0000000000007bb0                raise
 .text.signal   0x0000000000007bc4       0x18 c:/intelfpga_lite/17.1/nios2eds/bin/gnu/h-x86_64-mingw32/bin/../lib/gcc/nios2-elf/5.3.0/../../../../../H-x86_64-mingw32/nios2-elf/lib/mhw-mulx\libc.a(lib_a-signal.o)
                0x0000000000007bc4                signal
 .text._init_signal
                0x0000000000007bdc       0x10 c:/intelfpga_lite/17.1/nios2eds/bin/gnu/h-x86_64-mingw32/bin/../lib/gcc/nios2-elf/5.3.0/../../../../../H-x86_64-mingw32/nios2-elf/lib/mhw-mulx\libc.a(lib_a-signal.o)
                0x0000000000007bdc                _init_signal
 .text.__sigtramp
                0x0000000000007bec       0x14 c:/intelfpga_lite/17.1/nios2eds/bin/gnu/h-x86_64-mingw32/bin/../lib/gcc/nios2-elf/5.3.0/../../../../../H-x86_64-mingw32/nios2-elf/lib/mhw-mulx\libc.a(lib_a-signal.o)
                0x0000000000007bec                __sigtramp
 .text          0x0000000000007c00        0x0 c:/intelfpga_lite/17.1/nios2eds/bin/gnu/h-x86_64-mingw32/bin/../lib/gcc/nios2-elf/5.3.0/../../../../../H-x86_64-mingw32/nios2-elf/lib/mhw-mulx\libc.a(lib_a-signalr.o)
 .text._kill_r  0x0000000000007c00       0x5c c:/intelfpga_lite/17.1/nios2eds/bin/gnu/h-x86_64-mingw32/bin/../lib/gcc/nios2-elf/5.3.0/../../../../../H-x86_64-mingw32/nios2-elf/lib/mhw-mulx\libc.a(lib_a-signalr.o)
                0x0000000000007c00                _kill_r
 .text._getpid_r
                0x0000000000007c5c        0x4 c:/intelfpga_lite/17.1/nios2eds/bin/gnu/h-x86_64-mingw32/bin/../lib/gcc/nios2-elf/5.3.0/../../../../../H-x86_64-mingw32/nios2-elf/lib/mhw-mulx\libc.a(lib_a-signalr.o)
                0x0000000000007c5c                _getpid_r
 .text          0x0000000000007c60        0x0 c:/intelfpga_lite/17.1/nios2eds/bin/gnu/h-x86_64-mingw32/bin/../lib/gcc/nios2-elf/5.3.0/../../../../../H-x86_64-mingw32/nios2-elf/lib/mhw-mulx\libc.a(lib_a-strcmp.o)
 .text.strcmp   0x0000000000007c60       0xdc c:/intelfpga_lite/17.1/nios2eds/bin/gnu/h-x86_64-mingw32/bin/../lib/gcc/nios2-elf/5.3.0/../../../../../H-x86_64-mingw32/nios2-elf/lib/mhw-mulx\libc.a(lib_a-strcmp.o)
                0x0000000000007c60                strcmp
 .text          0x0000000000007d3c        0x0 c:/intelfpga_lite/17.1/nios2eds/bin/gnu/h-x86_64-mingw32/bin/../lib/gcc/nios2-elf/5.3.0/../../../../../H-x86_64-mingw32/nios2-elf/lib/mhw-mulx\libc.a(lib_a-strlen.o)
 .text.strlen   0x0000000000007d3c       0x98 c:/intelfpga_lite/17.1/nios2eds/bin/gnu/h-x86_64-mingw32/bin/../lib/gcc/nios2-elf/5.3.0/../../../../../H-x86_64-mingw32/nios2-elf/lib/mhw-mulx\libc.a(lib_a-strlen.o)
                0x0000000000007d3c                strlen
 .text          0x0000000000007dd4        0x0 c:/intelfpga_lite/17.1/nios2eds/bin/gnu/h-x86_64-mingw32/bin/../lib/gcc/nios2-elf/5.3.0/../../../../../H-x86_64-mingw32/nios2-elf/lib/mhw-mulx\libc.a(lib_a-vfprintf.o)
 .text.___vfprintf_internal_r
                0x0000000000007dd4     0x21f8 c:/intelfpga_lite/17.1/nios2eds/bin/gnu/h-x86_64-mingw32/bin/../lib/gcc/nios2-elf/5.3.0/../../../../../H-x86_64-mingw32/nios2-elf/lib/mhw-mulx\libc.a(lib_a-vfprintf.o)
                0x0000000000007dd4                ___vfprintf_internal_r
 .text.__vfprintf_internal
                0x0000000000009fcc       0x1c c:/intelfpga_lite/17.1/nios2eds/bin/gnu/h-x86_64-mingw32/bin/../lib/gcc/nios2-elf/5.3.0/../../../../../H-x86_64-mingw32/nios2-elf/lib/mhw-mulx\libc.a(lib_a-vfprintf.o)
                0x0000000000009fcc                __vfprintf_internal
 .text.__sbprintf
                0x0000000000009fe8       0xbc c:/intelfpga_lite/17.1/nios2eds/bin/gnu/h-x86_64-mingw32/bin/../lib/gcc/nios2-elf/5.3.0/../../../../../H-x86_64-mingw32/nios2-elf/lib/mhw-mulx\libc.a(lib_a-vfprintf.o)
 .text          0x000000000000a0a4        0x0 c:/intelfpga_lite/17.1/nios2eds/bin/gnu/h-x86_64-mingw32/bin/../lib/gcc/nios2-elf/5.3.0/../../../../../H-x86_64-mingw32/nios2-elf/lib/mhw-mulx\libc.a(lib_a-wsetup.o)
 .text.__swsetup_r
                0x000000000000a0a4      0x154 c:/intelfpga_lite/17.1/nios2eds/bin/gnu/h-x86_64-mingw32/bin/../lib/gcc/nios2-elf/5.3.0/../../../../../H-x86_64-mingw32/nios2-elf/lib/mhw-mulx\libc.a(lib_a-wsetup.o)
                0x000000000000a0a4                __swsetup_r
 .text          0x000000000000a1f8        0x0 c:/intelfpga_lite/17.1/nios2eds/bin/gnu/h-x86_64-mingw32/bin/../lib/gcc/nios2-elf/5.3.0/../../../../../H-x86_64-mingw32/nios2-elf/lib/mhw-mulx\libc.a(lib_a-dtoa.o)
 .text.quorem   0x000000000000a1f8      0x200 c:/intelfpga_lite/17.1/nios2eds/bin/gnu/h-x86_64-mingw32/bin/../lib/gcc/nios2-elf/5.3.0/../../../../../H-x86_64-mingw32/nios2-elf/lib/mhw-mulx\libc.a(lib_a-dtoa.o)
 .text._dtoa_r  0x000000000000a3f8     0x1688 c:/intelfpga_lite/17.1/nios2eds/bin/gnu/h-x86_64-mingw32/bin/../lib/gcc/nios2-elf/5.3.0/../../../../../H-x86_64-mingw32/nios2-elf/lib/mhw-mulx\libc.a(lib_a-dtoa.o)
                0x000000000000a3f8                _dtoa_r
 .text          0x000000000000ba80        0x0 c:/intelfpga_lite/17.1/nios2eds/bin/gnu/h-x86_64-mingw32/bin/../lib/gcc/nios2-elf/5.3.0/../../../../../H-x86_64-mingw32/nios2-elf/lib/mhw-mulx\libc.a(lib_a-fflush.o)
 .text.__sflush_r
                0x000000000000ba80      0x21c c:/intelfpga_lite/17.1/nios2eds/bin/gnu/h-x86_64-mingw32/bin/../lib/gcc/nios2-elf/5.3.0/../../../../../H-x86_64-mingw32/nios2-elf/lib/mhw-mulx\libc.a(lib_a-fflush.o)
                0x000000000000ba80                __sflush_r
 .text._fflush_r
                0x000000000000bc9c       0x5c c:/intelfpga_lite/17.1/nios2eds/bin/gnu/h-x86_64-mingw32/bin/../lib/gcc/nios2-elf/5.3.0/../../../../../H-x86_64-mingw32/nios2-elf/lib/mhw-mulx\libc.a(lib_a-fflush.o)
                0x000000000000bc9c                _fflush_r
 .text.fflush   0x000000000000bcf8       0x30 c:/intelfpga_lite/17.1/nios2eds/bin/gnu/h-x86_64-mingw32/bin/../lib/gcc/nios2-elf/5.3.0/../../../../../H-x86_64-mingw32/nios2-elf/lib/mhw-mulx\libc.a(lib_a-fflush.o)
                0x000000000000bcf8                fflush
 .text          0x000000000000bd28        0x0 c:/intelfpga_lite/17.1/nios2eds/bin/gnu/h-x86_64-mingw32/bin/../lib/gcc/nios2-elf/5.3.0/../../../../../H-x86_64-mingw32/nios2-elf/lib/mhw-mulx\libc.a(lib_a-findfp.o)
 .text.__fp_unlock
                0x000000000000bd28        0x8 c:/intelfpga_lite/17.1/nios2eds/bin/gnu/h-x86_64-mingw32/bin/../lib/gcc/nios2-elf/5.3.0/../../../../../H-x86_64-mingw32/nios2-elf/lib/mhw-mulx\libc.a(lib_a-findfp.o)
 .text._cleanup_r
                0x000000000000bd30        0xc c:/intelfpga_lite/17.1/nios2eds/bin/gnu/h-x86_64-mingw32/bin/../lib/gcc/nios2-elf/5.3.0/../../../../../H-x86_64-mingw32/nios2-elf/lib/mhw-mulx\libc.a(lib_a-findfp.o)
                0x000000000000bd30                _cleanup_r
 .text.__sinit.part.1
                0x000000000000bd3c      0x19c c:/intelfpga_lite/17.1/nios2eds/bin/gnu/h-x86_64-mingw32/bin/../lib/gcc/nios2-elf/5.3.0/../../../../../H-x86_64-mingw32/nios2-elf/lib/mhw-mulx\libc.a(lib_a-findfp.o)
 .text.__fp_lock
                0x000000000000bed8        0x8 c:/intelfpga_lite/17.1/nios2eds/bin/gnu/h-x86_64-mingw32/bin/../lib/gcc/nios2-elf/5.3.0/../../../../../H-x86_64-mingw32/nios2-elf/lib/mhw-mulx\libc.a(lib_a-findfp.o)
 .text.__sfmoreglue
                0x000000000000bee0       0x68 c:/intelfpga_lite/17.1/nios2eds/bin/gnu/h-x86_64-mingw32/bin/../lib/gcc/nios2-elf/5.3.0/../../../../../H-x86_64-mingw32/nios2-elf/lib/mhw-mulx\libc.a(lib_a-findfp.o)
                0x000000000000bee0                __sfmoreglue
 .text.__sfp    0x000000000000bf48      0x118 c:/intelfpga_lite/17.1/nios2eds/bin/gnu/h-x86_64-mingw32/bin/../lib/gcc/nios2-elf/5.3.0/../../../../../H-x86_64-mingw32/nios2-elf/lib/mhw-mulx\libc.a(lib_a-findfp.o)
                0x000000000000bf48                __sfp
 .text._cleanup
                0x000000000000c060       0x18 c:/intelfpga_lite/17.1/nios2eds/bin/gnu/h-x86_64-mingw32/bin/../lib/gcc/nios2-elf/5.3.0/../../../../../H-x86_64-mingw32/nios2-elf/lib/mhw-mulx\libc.a(lib_a-findfp.o)
                0x000000000000c060                _cleanup
 .text.__sinit  0x000000000000c078       0x10 c:/intelfpga_lite/17.1/nios2eds/bin/gnu/h-x86_64-mingw32/bin/../lib/gcc/nios2-elf/5.3.0/../../../../../H-x86_64-mingw32/nios2-elf/lib/mhw-mulx\libc.a(lib_a-findfp.o)
                0x000000000000c078                __sinit
 .text.__sfp_lock_acquire
                0x000000000000c088        0x4 c:/intelfpga_lite/17.1/nios2eds/bin/gnu/h-x86_64-mingw32/bin/../lib/gcc/nios2-elf/5.3.0/../../../../../H-x86_64-mingw32/nios2-elf/lib/mhw-mulx\libc.a(lib_a-findfp.o)
                0x000000000000c088                __sfp_lock_acquire
 .text.__sfp_lock_release
                0x000000000000c08c        0x4 c:/intelfpga_lite/17.1/nios2eds/bin/gnu/h-x86_64-mingw32/bin/../lib/gcc/nios2-elf/5.3.0/../../../../../H-x86_64-mingw32/nios2-elf/lib/mhw-mulx\libc.a(lib_a-findfp.o)
                0x000000000000c08c                __sfp_lock_release
 .text.__sinit_lock_acquire
                0x000000000000c090        0x4 c:/intelfpga_lite/17.1/nios2eds/bin/gnu/h-x86_64-mingw32/bin/../lib/gcc/nios2-elf/5.3.0/../../../../../H-x86_64-mingw32/nios2-elf/lib/mhw-mulx\libc.a(lib_a-findfp.o)
                0x000000000000c090                __sinit_lock_acquire
 .text.__sinit_lock_release
                0x000000000000c094        0x4 c:/intelfpga_lite/17.1/nios2eds/bin/gnu/h-x86_64-mingw32/bin/../lib/gcc/nios2-elf/5.3.0/../../../../../H-x86_64-mingw32/nios2-elf/lib/mhw-mulx\libc.a(lib_a-findfp.o)
                0x000000000000c094                __sinit_lock_release
 .text.__fp_lock_all
                0x000000000000c098       0x18 c:/intelfpga_lite/17.1/nios2eds/bin/gnu/h-x86_64-mingw32/bin/../lib/gcc/nios2-elf/5.3.0/../../../../../H-x86_64-mingw32/nios2-elf/lib/mhw-mulx\libc.a(lib_a-findfp.o)
                0x000000000000c098                __fp_lock_all
 .text.__fp_unlock_all
                0x000000000000c0b0       0x18 c:/intelfpga_lite/17.1/nios2eds/bin/gnu/h-x86_64-mingw32/bin/../lib/gcc/nios2-elf/5.3.0/../../../../../H-x86_64-mingw32/nios2-elf/lib/mhw-mulx\libc.a(lib_a-findfp.o)
                0x000000000000c0b0                __fp_unlock_all
 .text          0x000000000000c0c8        0x0 c:/intelfpga_lite/17.1/nios2eds/bin/gnu/h-x86_64-mingw32/bin/../lib/gcc/nios2-elf/5.3.0/../../../../../H-x86_64-mingw32/nios2-elf/lib/mhw-mulx\libc.a(lib_a-freer.o)
 .text._malloc_trim_r
                0x000000000000c0c8      0x124 c:/intelfpga_lite/17.1/nios2eds/bin/gnu/h-x86_64-mingw32/bin/../lib/gcc/nios2-elf/5.3.0/../../../../../H-x86_64-mingw32/nios2-elf/lib/mhw-mulx\libc.a(lib_a-freer.o)
                0x000000000000c0c8                _malloc_trim_r
 .text._free_r  0x000000000000c1ec      0x310 c:/intelfpga_lite/17.1/nios2eds/bin/gnu/h-x86_64-mingw32/bin/../lib/gcc/nios2-elf/5.3.0/../../../../../H-x86_64-mingw32/nios2-elf/lib/mhw-mulx\libc.a(lib_a-freer.o)
                0x000000000000c1ec                _free_r
 .text          0x000000000000c4fc        0x0 c:/intelfpga_lite/17.1/nios2eds/bin/gnu/h-x86_64-mingw32/bin/../lib/gcc/nios2-elf/5.3.0/../../../../../H-x86_64-mingw32/nios2-elf/lib/mhw-mulx\libc.a(lib_a-fvwrite.o)
 .text.__sfvwrite_r
                0x000000000000c4fc      0x4bc c:/intelfpga_lite/17.1/nios2eds/bin/gnu/h-x86_64-mingw32/bin/../lib/gcc/nios2-elf/5.3.0/../../../../../H-x86_64-mingw32/nios2-elf/lib/mhw-mulx\libc.a(lib_a-fvwrite.o)
                0x000000000000c4fc                __sfvwrite_r
 .text          0x000000000000c9b8        0x0 c:/intelfpga_lite/17.1/nios2eds/bin/gnu/h-x86_64-mingw32/bin/../lib/gcc/nios2-elf/5.3.0/../../../../../H-x86_64-mingw32/nios2-elf/lib/mhw-mulx\libc.a(lib_a-fwalk.o)
 .text._fwalk   0x000000000000c9b8       0xc4 c:/intelfpga_lite/17.1/nios2eds/bin/gnu/h-x86_64-mingw32/bin/../lib/gcc/nios2-elf/5.3.0/../../../../../H-x86_64-mingw32/nios2-elf/lib/mhw-mulx\libc.a(lib_a-fwalk.o)
                0x000000000000c9b8                _fwalk
 .text._fwalk_reent
                0x000000000000ca7c       0xc4 c:/intelfpga_lite/17.1/nios2eds/bin/gnu/h-x86_64-mingw32/bin/../lib/gcc/nios2-elf/5.3.0/../../../../../H-x86_64-mingw32/nios2-elf/lib/mhw-mulx\libc.a(lib_a-fwalk.o)
                0x000000000000ca7c                _fwalk_reent
 .text          0x000000000000cb40        0x0 c:/intelfpga_lite/17.1/nios2eds/bin/gnu/h-x86_64-mingw32/bin/../lib/gcc/nios2-elf/5.3.0/../../../../../H-x86_64-mingw32/nios2-elf/lib/mhw-mulx\libc.a(lib_a-impure.o)
 .text          0x000000000000cb40        0x0 c:/intelfpga_lite/17.1/nios2eds/bin/gnu/h-x86_64-mingw32/bin/../lib/gcc/nios2-elf/5.3.0/../../../../../H-x86_64-mingw32/nios2-elf/lib/mhw-mulx\libc.a(lib_a-int_errno.o)
 .text          0x000000000000cb40        0x0 c:/intelfpga_lite/17.1/nios2eds/bin/gnu/h-x86_64-mingw32/bin/../lib/gcc/nios2-elf/5.3.0/../../../../../H-x86_64-mingw32/nios2-elf/lib/mhw-mulx\libc.a(lib_a-locale.o)
 .text._setlocale_r
                0x000000000000cb40       0x7c c:/intelfpga_lite/17.1/nios2eds/bin/gnu/h-x86_64-mingw32/bin/../lib/gcc/nios2-elf/5.3.0/../../../../../H-x86_64-mingw32/nios2-elf/lib/mhw-mulx\libc.a(lib_a-locale.o)
                0x000000000000cb40                _setlocale_r
 .text.__locale_charset
                0x000000000000cbbc        0xc c:/intelfpga_lite/17.1/nios2eds/bin/gnu/h-x86_64-mingw32/bin/../lib/gcc/nios2-elf/5.3.0/../../../../../H-x86_64-mingw32/nios2-elf/lib/mhw-mulx\libc.a(lib_a-locale.o)
                0x000000000000cbbc                __locale_charset
 .text.__locale_mb_cur_max
                0x000000000000cbc8       0x10 c:/intelfpga_lite/17.1/nios2eds/bin/gnu/h-x86_64-mingw32/bin/../lib/gcc/nios2-elf/5.3.0/../../../../../H-x86_64-mingw32/nios2-elf/lib/mhw-mulx\libc.a(lib_a-locale.o)
                0x000000000000cbc8                __locale_mb_cur_max
 .text.__locale_msgcharset
                0x000000000000cbd8        0xc c:/intelfpga_lite/17.1/nios2eds/bin/gnu/h-x86_64-mingw32/bin/../lib/gcc/nios2-elf/5.3.0/../../../../../H-x86_64-mingw32/nios2-elf/lib/mhw-mulx\libc.a(lib_a-locale.o)
                0x000000000000cbd8                __locale_msgcharset
 .text.__locale_cjk_lang
                0x000000000000cbe4        0x8 c:/intelfpga_lite/17.1/nios2eds/bin/gnu/h-x86_64-mingw32/bin/../lib/gcc/nios2-elf/5.3.0/../../../../../H-x86_64-mingw32/nios2-elf/lib/mhw-mulx\libc.a(lib_a-locale.o)
                0x000000000000cbe4                __locale_cjk_lang
 .text._localeconv_r
                0x000000000000cbec        0xc c:/intelfpga_lite/17.1/nios2eds/bin/gnu/h-x86_64-mingw32/bin/../lib/gcc/nios2-elf/5.3.0/../../../../../H-x86_64-mingw32/nios2-elf/lib/mhw-mulx\libc.a(lib_a-locale.o)
                0x000000000000cbec                _localeconv_r
 .text.setlocale
                0x000000000000cbf8       0x18 c:/intelfpga_lite/17.1/nios2eds/bin/gnu/h-x86_64-mingw32/bin/../lib/gcc/nios2-elf/5.3.0/../../../../../H-x86_64-mingw32/nios2-elf/lib/mhw-mulx\libc.a(lib_a-locale.o)
                0x000000000000cbf8                setlocale
 .text.localeconv
                0x000000000000cc10        0xc c:/intelfpga_lite/17.1/nios2eds/bin/gnu/h-x86_64-mingw32/bin/../lib/gcc/nios2-elf/5.3.0/../../../../../H-x86_64-mingw32/nios2-elf/lib/mhw-mulx\libc.a(lib_a-locale.o)
                0x000000000000cc10                localeconv
 .text          0x000000000000cc1c        0x0 c:/intelfpga_lite/17.1/nios2eds/bin/gnu/h-x86_64-mingw32/bin/../lib/gcc/nios2-elf/5.3.0/../../../../../H-x86_64-mingw32/nios2-elf/lib/mhw-mulx\libc.a(lib_a-makebuf.o)
 .text.__smakebuf_r
                0x000000000000cc1c      0x1bc c:/intelfpga_lite/17.1/nios2eds/bin/gnu/h-x86_64-mingw32/bin/../lib/gcc/nios2-elf/5.3.0/../../../../../H-x86_64-mingw32/nios2-elf/lib/mhw-mulx\libc.a(lib_a-makebuf.o)
                0x000000000000cc1c                __smakebuf_r
 .text          0x000000000000cdd8        0x0 c:/intelfpga_lite/17.1/nios2eds/bin/gnu/h-x86_64-mingw32/bin/../lib/gcc/nios2-elf/5.3.0/../../../../../H-x86_64-mingw32/nios2-elf/lib/mhw-mulx\libc.a(lib_a-memchr.o)
 .text.memchr   0x000000000000cdd8       0xe4 c:/intelfpga_lite/17.1/nios2eds/bin/gnu/h-x86_64-mingw32/bin/../lib/gcc/nios2-elf/5.3.0/../../../../../H-x86_64-mingw32/nios2-elf/lib/mhw-mulx\libc.a(lib_a-memchr.o)
                0x000000000000cdd8                memchr
 .text          0x000000000000cebc        0x0 c:/intelfpga_lite/17.1/nios2eds/bin/gnu/h-x86_64-mingw32/bin/../lib/gcc/nios2-elf/5.3.0/../../../../../H-x86_64-mingw32/nios2-elf/lib/mhw-mulx\libc.a(lib_a-memmove.o)
 .text.memmove  0x000000000000cebc      0x15c c:/intelfpga_lite/17.1/nios2eds/bin/gnu/h-x86_64-mingw32/bin/../lib/gcc/nios2-elf/5.3.0/../../../../../H-x86_64-mingw32/nios2-elf/lib/mhw-mulx\libc.a(lib_a-memmove.o)
                0x000000000000cebc                memmove
 .text          0x000000000000d018        0x0 c:/intelfpga_lite/17.1/nios2eds/bin/gnu/h-x86_64-mingw32/bin/../lib/gcc/nios2-elf/5.3.0/../../../../../H-x86_64-mingw32/nios2-elf/lib/mhw-mulx\libc.a(lib_a-mprec.o)
 .text._Balloc  0x000000000000d018       0xa8 c:/intelfpga_lite/17.1/nios2eds/bin/gnu/h-x86_64-mingw32/bin/../lib/gcc/nios2-elf/5.3.0/../../../../../H-x86_64-mingw32/nios2-elf/lib/mhw-mulx\libc.a(lib_a-mprec.o)
                0x000000000000d018                _Balloc
 .text._Bfree   0x000000000000d0c0       0x28 c:/intelfpga_lite/17.1/nios2eds/bin/gnu/h-x86_64-mingw32/bin/../lib/gcc/nios2-elf/5.3.0/../../../../../H-x86_64-mingw32/nios2-elf/lib/mhw-mulx\libc.a(lib_a-mprec.o)
                0x000000000000d0c0                _Bfree
 .text.__multadd
                0x000000000000d0e8      0x120 c:/intelfpga_lite/17.1/nios2eds/bin/gnu/h-x86_64-mingw32/bin/../lib/gcc/nios2-elf/5.3.0/../../../../../H-x86_64-mingw32/nios2-elf/lib/mhw-mulx\libc.a(lib_a-mprec.o)
                0x000000000000d0e8                __multadd
 .text.__s2b    0x000000000000d208      0x104 c:/intelfpga_lite/17.1/nios2eds/bin/gnu/h-x86_64-mingw32/bin/../lib/gcc/nios2-elf/5.3.0/../../../../../H-x86_64-mingw32/nios2-elf/lib/mhw-mulx\libc.a(lib_a-mprec.o)
                0x000000000000d208                __s2b
 .text.__hi0bits
                0x000000000000d30c       0x68 c:/intelfpga_lite/17.1/nios2eds/bin/gnu/h-x86_64-mingw32/bin/../lib/gcc/nios2-elf/5.3.0/../../../../../H-x86_64-mingw32/nios2-elf/lib/mhw-mulx\libc.a(lib_a-mprec.o)
                0x000000000000d30c                __hi0bits
 .text.__lo0bits
                0x000000000000d374       0xb0 c:/intelfpga_lite/17.1/nios2eds/bin/gnu/h-x86_64-mingw32/bin/../lib/gcc/nios2-elf/5.3.0/../../../../../H-x86_64-mingw32/nios2-elf/lib/mhw-mulx\libc.a(lib_a-mprec.o)
                0x000000000000d374                __lo0bits
 .text.__i2b    0x000000000000d424       0x3c c:/intelfpga_lite/17.1/nios2eds/bin/gnu/h-x86_64-mingw32/bin/../lib/gcc/nios2-elf/5.3.0/../../../../../H-x86_64-mingw32/nios2-elf/lib/mhw-mulx\libc.a(lib_a-mprec.o)
                0x000000000000d424                __i2b
 .text.__multiply
                0x000000000000d460      0x1f8 c:/intelfpga_lite/17.1/nios2eds/bin/gnu/h-x86_64-mingw32/bin/../lib/gcc/nios2-elf/5.3.0/../../../../../H-x86_64-mingw32/nios2-elf/lib/mhw-mulx\libc.a(lib_a-mprec.o)
                0x000000000000d460                __multiply
 .text.__pow5mult
                0x000000000000d658      0x140 c:/intelfpga_lite/17.1/nios2eds/bin/gnu/h-x86_64-mingw32/bin/../lib/gcc/nios2-elf/5.3.0/../../../../../H-x86_64-mingw32/nios2-elf/lib/mhw-mulx\libc.a(lib_a-mprec.o)
                0x000000000000d658                __pow5mult
 .text.__lshift
                0x000000000000d798      0x148 c:/intelfpga_lite/17.1/nios2eds/bin/gnu/h-x86_64-mingw32/bin/../lib/gcc/nios2-elf/5.3.0/../../../../../H-x86_64-mingw32/nios2-elf/lib/mhw-mulx\libc.a(lib_a-mprec.o)
                0x000000000000d798                __lshift
 .text.__mcmp   0x000000000000d8e0       0x60 c:/intelfpga_lite/17.1/nios2eds/bin/gnu/h-x86_64-mingw32/bin/../lib/gcc/nios2-elf/5.3.0/../../../../../H-x86_64-mingw32/nios2-elf/lib/mhw-mulx\libc.a(lib_a-mprec.o)
                0x000000000000d8e0                __mcmp
 .text.__mdiff  0x000000000000d940      0x1fc c:/intelfpga_lite/17.1/nios2eds/bin/gnu/h-x86_64-mingw32/bin/../lib/gcc/nios2-elf/5.3.0/../../../../../H-x86_64-mingw32/nios2-elf/lib/mhw-mulx\libc.a(lib_a-mprec.o)
                0x000000000000d940                __mdiff
 .text.__ulp    0x000000000000db3c       0x64 c:/intelfpga_lite/17.1/nios2eds/bin/gnu/h-x86_64-mingw32/bin/../lib/gcc/nios2-elf/5.3.0/../../../../../H-x86_64-mingw32/nios2-elf/lib/mhw-mulx\libc.a(lib_a-mprec.o)
                0x000000000000db3c                __ulp
 .text.__b2d    0x000000000000dba0      0x10c c:/intelfpga_lite/17.1/nios2eds/bin/gnu/h-x86_64-mingw32/bin/../lib/gcc/nios2-elf/5.3.0/../../../../../H-x86_64-mingw32/nios2-elf/lib/mhw-mulx\libc.a(lib_a-mprec.o)
                0x000000000000dba0                __b2d
 .text.__d2b    0x000000000000dcac      0x14c c:/intelfpga_lite/17.1/nios2eds/bin/gnu/h-x86_64-mingw32/bin/../lib/gcc/nios2-elf/5.3.0/../../../../../H-x86_64-mingw32/nios2-elf/lib/mhw-mulx\libc.a(lib_a-mprec.o)
                0x000000000000dcac                __d2b
 .text.__ratio  0x000000000000ddf8       0xa4 c:/intelfpga_lite/17.1/nios2eds/bin/gnu/h-x86_64-mingw32/bin/../lib/gcc/nios2-elf/5.3.0/../../../../../H-x86_64-mingw32/nios2-elf/lib/mhw-mulx\libc.a(lib_a-mprec.o)
                0x000000000000ddf8                __ratio
 .text._mprec_log10
                0x000000000000de9c       0x74 c:/intelfpga_lite/17.1/nios2eds/bin/gnu/h-x86_64-mingw32/bin/../lib/gcc/nios2-elf/5.3.0/../../../../../H-x86_64-mingw32/nios2-elf/lib/mhw-mulx\libc.a(lib_a-mprec.o)
                0x000000000000de9c                _mprec_log10
 .text.__copybits
                0x000000000000df10       0x78 c:/intelfpga_lite/17.1/nios2eds/bin/gnu/h-x86_64-mingw32/bin/../lib/gcc/nios2-elf/5.3.0/../../../../../H-x86_64-mingw32/nios2-elf/lib/mhw-mulx\libc.a(lib_a-mprec.o)
                0x000000000000df10                __copybits
 .text.__any_on
                0x000000000000df88       0x8c c:/intelfpga_lite/17.1/nios2eds/bin/gnu/h-x86_64-mingw32/bin/../lib/gcc/nios2-elf/5.3.0/../../../../../H-x86_64-mingw32/nios2-elf/lib/mhw-mulx\libc.a(lib_a-mprec.o)
                0x000000000000df88                __any_on
 .text          0x000000000000e014        0x0 c:/intelfpga_lite/17.1/nios2eds/bin/gnu/h-x86_64-mingw32/bin/../lib/gcc/nios2-elf/5.3.0/../../../../../H-x86_64-mingw32/nios2-elf/lib/mhw-mulx\libc.a(lib_a-reallocr.o)
 .text._realloc_r
                0x000000000000e014      0x564 c:/intelfpga_lite/17.1/nios2eds/bin/gnu/h-x86_64-mingw32/bin/../lib/gcc/nios2-elf/5.3.0/../../../../../H-x86_64-mingw32/nios2-elf/lib/mhw-mulx\libc.a(lib_a-reallocr.o)
                0x000000000000e014                _realloc_r
 .text          0x000000000000e578        0x0 c:/intelfpga_lite/17.1/nios2eds/bin/gnu/h-x86_64-mingw32/bin/../lib/gcc/nios2-elf/5.3.0/../../../../../H-x86_64-mingw32/nios2-elf/lib/mhw-mulx\libc.a(lib_a-s_fpclassify.o)
 .text.__fpclassifyd
                0x000000000000e578       0x74 c:/intelfpga_lite/17.1/nios2eds/bin/gnu/h-x86_64-mingw32/bin/../lib/gcc/nios2-elf/5.3.0/../../../../../H-x86_64-mingw32/nios2-elf/lib/mhw-mulx\libc.a(lib_a-s_fpclassify.o)
                0x000000000000e578                __fpclassifyd
 .text          0x000000000000e5ec        0x0 c:/intelfpga_lite/17.1/nios2eds/bin/gnu/h-x86_64-mingw32/bin/../lib/gcc/nios2-elf/5.3.0/../../../../../H-x86_64-mingw32/nios2-elf/lib/mhw-mulx\libc.a(lib_a-stdio.o)
 .text.__sread  0x000000000000e5ec       0x54 c:/intelfpga_lite/17.1/nios2eds/bin/gnu/h-x86_64-mingw32/bin/../lib/gcc/nios2-elf/5.3.0/../../../../../H-x86_64-mingw32/nios2-elf/lib/mhw-mulx\libc.a(lib_a-stdio.o)
                0x000000000000e5ec                __sread
 .text.__seofread
                0x000000000000e640        0x8 c:/intelfpga_lite/17.1/nios2eds/bin/gnu/h-x86_64-mingw32/bin/../lib/gcc/nios2-elf/5.3.0/../../../../../H-x86_64-mingw32/nios2-elf/lib/mhw-mulx\libc.a(lib_a-stdio.o)
                0x000000000000e640                __seofread
 .text.__swrite
                0x000000000000e648       0x7c c:/intelfpga_lite/17.1/nios2eds/bin/gnu/h-x86_64-mingw32/bin/../lib/gcc/nios2-elf/5.3.0/../../../../../H-x86_64-mingw32/nios2-elf/lib/mhw-mulx\libc.a(lib_a-stdio.o)
                0x000000000000e648                __swrite
 .text.__sseek  0x000000000000e6c4       0x5c c:/intelfpga_lite/17.1/nios2eds/bin/gnu/h-x86_64-mingw32/bin/../lib/gcc/nios2-elf/5.3.0/../../../../../H-x86_64-mingw32/nios2-elf/lib/mhw-mulx\libc.a(lib_a-stdio.o)
                0x000000000000e6c4                __sseek
 .text.__sclose
                0x000000000000e720        0x8 c:/intelfpga_lite/17.1/nios2eds/bin/gnu/h-x86_64-mingw32/bin/../lib/gcc/nios2-elf/5.3.0/../../../../../H-x86_64-mingw32/nios2-elf/lib/mhw-mulx\libc.a(lib_a-stdio.o)
                0x000000000000e720                __sclose
 .text          0x000000000000e728        0x0 c:/intelfpga_lite/17.1/nios2eds/bin/gnu/h-x86_64-mingw32/bin/../lib/gcc/nios2-elf/5.3.0/../../../../../H-x86_64-mingw32/nios2-elf/lib/mhw-mulx\libc.a(lib_a-vfiprintf.o)
 .text.__sprint_r.part.0
                0x000000000000e728       0xfc c:/intelfpga_lite/17.1/nios2eds/bin/gnu/h-x86_64-mingw32/bin/../lib/gcc/nios2-elf/5.3.0/../../../../../H-x86_64-mingw32/nios2-elf/lib/mhw-mulx\libc.a(lib_a-vfiprintf.o)
 .text.__sprint_r
                0x000000000000e824       0x18 c:/intelfpga_lite/17.1/nios2eds/bin/gnu/h-x86_64-mingw32/bin/../lib/gcc/nios2-elf/5.3.0/../../../../../H-x86_64-mingw32/nios2-elf/lib/mhw-mulx\libc.a(lib_a-vfiprintf.o)
                0x000000000000e824                __sprint_r
 .text.___vfiprintf_internal_r
                0x000000000000e83c     0x145c c:/intelfpga_lite/17.1/nios2eds/bin/gnu/h-x86_64-mingw32/bin/../lib/gcc/nios2-elf/5.3.0/../../../../../H-x86_64-mingw32/nios2-elf/lib/mhw-mulx\libc.a(lib_a-vfiprintf.o)
                0x000000000000e83c                ___vfiprintf_internal_r
 .text.__vfiprintf_internal
                0x000000000000fc98       0x1c c:/intelfpga_lite/17.1/nios2eds/bin/gnu/h-x86_64-mingw32/bin/../lib/gcc/nios2-elf/5.3.0/../../../../../H-x86_64-mingw32/nios2-elf/lib/mhw-mulx\libc.a(lib_a-vfiprintf.o)
                0x000000000000fc98                __vfiprintf_internal
 .text.__sbprintf
                0x000000000000fcb4       0xbc c:/intelfpga_lite/17.1/nios2eds/bin/gnu/h-x86_64-mingw32/bin/../lib/gcc/nios2-elf/5.3.0/../../../../../H-x86_64-mingw32/nios2-elf/lib/mhw-mulx\libc.a(lib_a-vfiprintf.o)
 .text          0x000000000000fd70        0x0 c:/intelfpga_lite/17.1/nios2eds/bin/gnu/h-x86_64-mingw32/bin/../lib/gcc/nios2-elf/5.3.0/../../../../../H-x86_64-mingw32/nios2-elf/lib/mhw-mulx\libc.a(lib_a-writer.o)
 .text._write_r
                0x000000000000fd70       0x60 c:/intelfpga_lite/17.1/nios2eds/bin/gnu/h-x86_64-mingw32/bin/../lib/gcc/nios2-elf/5.3.0/../../../../../H-x86_64-mingw32/nios2-elf/lib/mhw-mulx\libc.a(lib_a-writer.o)
                0x000000000000fd70                _write_r
 .text          0x000000000000fdd0        0x0 c:/intelfpga_lite/17.1/nios2eds/bin/gnu/h-x86_64-mingw32/bin/../lib/gcc/nios2-elf/5.3.0/../../../../../H-x86_64-mingw32/nios2-elf/lib/mhw-mulx\libc.a(closer.o)
 .text._close_r
                0x000000000000fdd0       0x54 c:/intelfpga_lite/17.1/nios2eds/bin/gnu/h-x86_64-mingw32/bin/../lib/gcc/nios2-elf/5.3.0/../../../../../H-x86_64-mingw32/nios2-elf/lib/mhw-mulx\libc.a(closer.o)
                0x000000000000fdd0                _close_r
 .text          0x000000000000fe24        0x0 c:/intelfpga_lite/17.1/nios2eds/bin/gnu/h-x86_64-mingw32/bin/../lib/gcc/nios2-elf/5.3.0/../../../../../H-x86_64-mingw32/nios2-elf/lib/mhw-mulx\libc.a(lib_a-callocr.o)
 .text._calloc_r
                0x000000000000fe24       0xc4 c:/intelfpga_lite/17.1/nios2eds/bin/gnu/h-x86_64-mingw32/bin/../lib/gcc/nios2-elf/5.3.0/../../../../../H-x86_64-mingw32/nios2-elf/lib/mhw-mulx\libc.a(lib_a-callocr.o)
                0x000000000000fe24                _calloc_r
 .text          0x000000000000fee8        0x0 c:/intelfpga_lite/17.1/nios2eds/bin/gnu/h-x86_64-mingw32/bin/../lib/gcc/nios2-elf/5.3.0/../../../../../H-x86_64-mingw32/nios2-elf/lib/mhw-mulx\libc.a(lib_a-fclose.o)
 .text._fclose_r
                0x000000000000fee8       0xf0 c:/intelfpga_lite/17.1/nios2eds/bin/gnu/h-x86_64-mingw32/bin/../lib/gcc/nios2-elf/5.3.0/../../../../../H-x86_64-mingw32/nios2-elf/lib/mhw-mulx\libc.a(lib_a-fclose.o)
                0x000000000000fee8                _fclose_r
 .text.fclose   0x000000000000ffd8       0x14 c:/intelfpga_lite/17.1/nios2eds/bin/gnu/h-x86_64-mingw32/bin/../lib/gcc/nios2-elf/5.3.0/../../../../../H-x86_64-mingw32/nios2-elf/lib/mhw-mulx\libc.a(lib_a-fclose.o)
                0x000000000000ffd8                fclose
 .text          0x000000000000ffec        0x0 c:/intelfpga_lite/17.1/nios2eds/bin/gnu/h-x86_64-mingw32/bin/../lib/gcc/nios2-elf/5.3.0/../../../../../H-x86_64-mingw32/nios2-elf/lib/mhw-mulx\libc.a(lib_a-fputwc.o)
 .text.__fputwc
                0x000000000000ffec      0x164 c:/intelfpga_lite/17.1/nios2eds/bin/gnu/h-x86_64-mingw32/bin/../lib/gcc/nios2-elf/5.3.0/../../../../../H-x86_64-mingw32/nios2-elf/lib/mhw-mulx\libc.a(lib_a-fputwc.o)
                0x000000000000ffec                __fputwc
 .text._fputwc_r
                0x0000000000010150       0x24 c:/intelfpga_lite/17.1/nios2eds/bin/gnu/h-x86_64-mingw32/bin/../lib/gcc/nios2-elf/5.3.0/../../../../../H-x86_64-mingw32/nios2-elf/lib/mhw-mulx\libc.a(lib_a-fputwc.o)
                0x0000000000010150                _fputwc_r
 .text.fputwc   0x0000000000010174       0x80 c:/intelfpga_lite/17.1/nios2eds/bin/gnu/h-x86_64-mingw32/bin/../lib/gcc/nios2-elf/5.3.0/../../../../../H-x86_64-mingw32/nios2-elf/lib/mhw-mulx\libc.a(lib_a-fputwc.o)
                0x0000000000010174                fputwc
 .text          0x00000000000101f4        0x0 c:/intelfpga_lite/17.1/nios2eds/bin/gnu/h-x86_64-mingw32/bin/../lib/gcc/nios2-elf/5.3.0/../../../../../H-x86_64-mingw32/nios2-elf/lib/mhw-mulx\libc.a(lib_a-fstatr.o)
 .text._fstat_r
                0x00000000000101f4       0x5c c:/intelfpga_lite/17.1/nios2eds/bin/gnu/h-x86_64-mingw32/bin/../lib/gcc/nios2-elf/5.3.0/../../../../../H-x86_64-mingw32/nios2-elf/lib/mhw-mulx\libc.a(lib_a-fstatr.o)
                0x00000000000101f4                _fstat_r
 .text          0x0000000000010250        0x0 c:/intelfpga_lite/17.1/nios2eds/bin/gnu/h-x86_64-mingw32/bin/../lib/gcc/nios2-elf/5.3.0/../../../../../H-x86_64-mingw32/nios2-elf/lib/mhw-mulx\libc.a(lib_a-isattyr.o)
 .text._isatty_r
                0x0000000000010250       0x54 c:/intelfpga_lite/17.1/nios2eds/bin/gnu/h-x86_64-mingw32/bin/../lib/gcc/nios2-elf/5.3.0/../../../../../H-x86_64-mingw32/nios2-elf/lib/mhw-mulx\libc.a(lib_a-isattyr.o)
                0x0000000000010250                _isatty_r
 .text          0x00000000000102a4        0x0 c:/intelfpga_lite/17.1/nios2eds/bin/gnu/h-x86_64-mingw32/bin/../lib/gcc/nios2-elf/5.3.0/../../../../../H-x86_64-mingw32/nios2-elf/lib/mhw-mulx\libc.a(lib_a-lseekr.o)
 .text._lseek_r
                0x00000000000102a4       0x60 c:/intelfpga_lite/17.1/nios2eds/bin/gnu/h-x86_64-mingw32/bin/../lib/gcc/nios2-elf/5.3.0/../../../../../H-x86_64-mingw32/nios2-elf/lib/mhw-mulx\libc.a(lib_a-lseekr.o)
                0x00000000000102a4                _lseek_r
 .text          0x0000000000010304        0x0 c:/intelfpga_lite/17.1/nios2eds/bin/gnu/h-x86_64-mingw32/bin/../lib/gcc/nios2-elf/5.3.0/../../../../../H-x86_64-mingw32/nios2-elf/lib/mhw-mulx\libc.a(lib_a-readr.o)
 .text._read_r  0x0000000000010304       0x60 c:/intelfpga_lite/17.1/nios2eds/bin/gnu/h-x86_64-mingw32/bin/../lib/gcc/nios2-elf/5.3.0/../../../../../H-x86_64-mingw32/nios2-elf/lib/mhw-mulx\libc.a(lib_a-readr.o)
                0x0000000000010304                _read_r
 .text          0x0000000000010364        0x0 c:/intelfpga_lite/17.1/nios2eds/bin/gnu/h-x86_64-mingw32/bin/../lib/gcc/nios2-elf/5.3.0/../../../../../H-x86_64-mingw32/nios2-elf/lib/mhw-mulx\libc.a(lib_a-wbuf.o)
 .text.__swbuf_r
                0x0000000000010364      0x140 c:/intelfpga_lite/17.1/nios2eds/bin/gnu/h-x86_64-mingw32/bin/../lib/gcc/nios2-elf/5.3.0/../../../../../H-x86_64-mingw32/nios2-elf/lib/mhw-mulx\libc.a(lib_a-wbuf.o)
                0x0000000000010364                __swbuf_r
 .text.__swbuf  0x00000000000104a4       0x18 c:/intelfpga_lite/17.1/nios2eds/bin/gnu/h-x86_64-mingw32/bin/../lib/gcc/nios2-elf/5.3.0/../../../../../H-x86_64-mingw32/nios2-elf/lib/mhw-mulx\libc.a(lib_a-wbuf.o)
                0x00000000000104a4                __swbuf
 .text          0x00000000000104bc        0x0 c:/intelfpga_lite/17.1/nios2eds/bin/gnu/h-x86_64-mingw32/bin/../lib/gcc/nios2-elf/5.3.0/../../../../../H-x86_64-mingw32/nios2-elf/lib/mhw-mulx\libc.a(lib_a-wcrtomb.o)
 .text._wcrtomb_r
                0x00000000000104bc       0x9c c:/intelfpga_lite/17.1/nios2eds/bin/gnu/h-x86_64-mingw32/bin/../lib/gcc/nios2-elf/5.3.0/../../../../../H-x86_64-mingw32/nios2-elf/lib/mhw-mulx\libc.a(lib_a-wcrtomb.o)
                0x00000000000104bc                _wcrtomb_r
 .text.wcrtomb  0x0000000000010558       0xc0 c:/intelfpga_lite/17.1/nios2eds/bin/gnu/h-x86_64-mingw32/bin/../lib/gcc/nios2-elf/5.3.0/../../../../../H-x86_64-mingw32/nios2-elf/lib/mhw-mulx\libc.a(lib_a-wcrtomb.o)
                0x0000000000010558                wcrtomb
 .text          0x0000000000010618        0x0 c:/intelfpga_lite/17.1/nios2eds/bin/gnu/h-x86_64-mingw32/bin/../lib/gcc/nios2-elf/5.3.0/../../../../../H-x86_64-mingw32/nios2-elf/lib/mhw-mulx\libc.a(lib_a-wctomb_r.o)
 .text.__ascii_wctomb
                0x0000000000010618       0x30 c:/intelfpga_lite/17.1/nios2eds/bin/gnu/h-x86_64-mingw32/bin/../lib/gcc/nios2-elf/5.3.0/../../../../../H-x86_64-mingw32/nios2-elf/lib/mhw-mulx\libc.a(lib_a-wctomb_r.o)
                0x0000000000010618                __ascii_wctomb
 .text._wctomb_r
                0x0000000000010648       0x5c c:/intelfpga_lite/17.1/nios2eds/bin/gnu/h-x86_64-mingw32/bin/../lib/gcc/nios2-elf/5.3.0/../../../../../H-x86_64-mingw32/nios2-elf/lib/mhw-mulx\libc.a(lib_a-wctomb_r.o)
                0x0000000000010648                _wctomb_r
 .text          0x00000000000106a4      0x578 c:/intelfpga_lite/17.1/nios2eds/bin/gnu/h-x86_64-mingw32/bin/../lib/gcc/nios2-elf/5.3.0/mhw-mulx\libgcc.a(_udivdi3.o)
                0x00000000000106a4                __udivdi3
 .text          0x0000000000010c1c      0x538 c:/intelfpga_lite/17.1/nios2eds/bin/gnu/h-x86_64-mingw32/bin/../lib/gcc/nios2-elf/5.3.0/mhw-mulx\libgcc.a(_umoddi3.o)
                0x0000000000010c1c                __umoddi3
 .text          0x0000000000011154      0x1b4 c:/intelfpga_lite/17.1/nios2eds/bin/gnu/h-x86_64-mingw32/bin/../lib/gcc/nios2-elf/5.3.0/mhw-mulx\libgcc.a(lib2-divmod.o)
                0x0000000000011154                __divsi3
                0x00000000000111d8                __modsi3
                0x000000000001124c                __udivsi3
                0x00000000000112b0                __umodsi3
 .text          0x0000000000011308      0x8e8 c:/intelfpga_lite/17.1/nios2eds/bin/gnu/h-x86_64-mingw32/bin/../lib/gcc/nios2-elf/5.3.0/mhw-mulx\libgcc.a(divdf3.o)
                0x0000000000011308                __divdf3
 .text          0x0000000000011bf0       0x88 c:/intelfpga_lite/17.1/nios2eds/bin/gnu/h-x86_64-mingw32/bin/../lib/gcc/nios2-elf/5.3.0/mhw-mulx\libgcc.a(eqdf2.o)
                0x0000000000011bf0                __nedf2
                0x0000000000011bf0                __eqdf2
 .text          0x0000000000011c78       0xdc c:/intelfpga_lite/17.1/nios2eds/bin/gnu/h-x86_64-mingw32/bin/../lib/gcc/nios2-elf/5.3.0/mhw-mulx\libgcc.a(gedf2.o)
                0x0000000000011c78                __gedf2
                0x0000000000011c78                __gtdf2
 .text          0x0000000000011d54       0xf4 c:/intelfpga_lite/17.1/nios2eds/bin/gnu/h-x86_64-mingw32/bin/../lib/gcc/nios2-elf/5.3.0/mhw-mulx\libgcc.a(ledf2.o)
                0x0000000000011d54                __ledf2
                0x0000000000011d54                __ltdf2
 .text          0x0000000000011e48      0x718 c:/intelfpga_lite/17.1/nios2eds/bin/gnu/h-x86_64-mingw32/bin/../lib/gcc/nios2-elf/5.3.0/mhw-mulx\libgcc.a(muldf3.o)
                0x0000000000011e48                __muldf3
 .text          0x0000000000012560      0x8fc c:/intelfpga_lite/17.1/nios2eds/bin/gnu/h-x86_64-mingw32/bin/../lib/gcc/nios2-elf/5.3.0/mhw-mulx\libgcc.a(subdf3.o)
                0x0000000000012560                __subdf3
 .text          0x0000000000012e5c       0xa8 c:/intelfpga_lite/17.1/nios2eds/bin/gnu/h-x86_64-mingw32/bin/../lib/gcc/nios2-elf/5.3.0/mhw-mulx\libgcc.a(floatunsidf.o)
                0x0000000000012e5c                __floatunsidf
 .text          0x0000000000012f04      0x10c ../Pac-Man_bsp/\libucosii_bsp.a(alt_close.o)
                0x0000000000012f40                close
 .text          0x0000000000013010       0x2c ../Pac-Man_bsp/\libucosii_bsp.a(alt_dev.o)
 .text          0x000000000001303c        0x0 ../Pac-Man_bsp/\libucosii_bsp.a(alt_errno.o)
 .text          0x000000000001303c       0x34 ../Pac-Man_bsp/\libucosii_bsp.a(alt_exit.o)
                0x000000000001303c                _exit
 .text          0x0000000000013070       0xec ../Pac-Man_bsp/\libucosii_bsp.a(alt_fstat.o)
                0x00000000000130ac                fstat
 .text          0x000000000001315c       0x20 ../Pac-Man_bsp/\libucosii_bsp.a(alt_getpid.o)
                0x000000000001315c                getpid
 .text          0x000000000001317c       0xe0 ../Pac-Man_bsp/\libucosii_bsp.a(alt_isatty.o)
                0x00000000000131b8                isatty
 .text          0x000000000001325c      0x16c ../Pac-Man_bsp/\libucosii_bsp.a(alt_kill.o)
                0x0000000000013298                kill
 .text          0x00000000000133c8       0xec ../Pac-Man_bsp/\libucosii_bsp.a(alt_load.o)
                0x0000000000013430                alt_load
 .text          0x00000000000134b4      0x110 ../Pac-Man_bsp/\libucosii_bsp.a(alt_lseek.o)
                0x00000000000134f0                lseek
 .text          0x00000000000135c4       0xbc ../Pac-Man_bsp/\libucosii_bsp.a(alt_main.o)
                0x00000000000135c4                alt_main
 .text          0x0000000000013680      0x138 ../Pac-Man_bsp/\libucosii_bsp.a(alt_read.o)
                0x00000000000136bc                read
 .text          0x00000000000137b8       0x64 ../Pac-Man_bsp/\libucosii_bsp.a(alt_release_fd.o)
                0x00000000000137b8                alt_release_fd
 .text          0x000000000001381c       0xb0 ../Pac-Man_bsp/\libucosii_bsp.a(alt_sbrk.o)
                0x000000000001381c                sbrk
 .text          0x00000000000138cc      0x134 ../Pac-Man_bsp/\libucosii_bsp.a(alt_write.o)
                0x0000000000013908                write
 .text          0x0000000000013a00      0x124 ../Pac-Man_bsp/\libucosii_bsp.a(alt_env_lock.o)
                0x0000000000013a00                __env_lock
                0x0000000000013ac4                __env_unlock
 .text          0x0000000000013b24      0x1ec ../Pac-Man_bsp/\libucosii_bsp.a(alt_malloc_lock.o)
                0x0000000000013b24                __malloc_lock
                0x0000000000013c44                __malloc_unlock
 .text          0x0000000000013d10     0x2024 ../Pac-Man_bsp/\libucosii_bsp.a(os_core.o)
                0x0000000000013d10                OSEventNameGet
                0x0000000000013e30                OSEventNameSet
                0x0000000000013f70                OSEventPendMulti
                0x0000000000014580                OSInit
                0x00000000000145d8                OSIntEnter
                0x0000000000014624                OSIntExit
                0x000000000001471c                OSSchedLock
                0x00000000000147a8                OSSchedUnlock
                0x0000000000014884                OSStart
                0x00000000000148f4                OSStatInit
                0x00000000000149a4                OSTimeTick
                0x0000000000014bc4                OSVersion
                0x0000000000014be4                OS_Dummy
                0x0000000000014c04                OS_EventTaskRdy
                0x0000000000014d9c                OS_EventTaskWait
                0x0000000000014eac                OS_EventTaskWaitMulti
                0x0000000000014ffc                OS_EventTaskRemove
                0x00000000000150b4                OS_EventTaskRemoveMulti
                0x00000000000151b4                OS_EventWaitListInit
                0x0000000000015594                OS_MemClr
                0x00000000000155e8                OS_MemCopy
                0x0000000000015650                OS_Sched
                0x0000000000015794                OS_StrCopy
                0x0000000000015808                OS_StrLen
                0x000000000001585c                OS_TaskIdle
                0x00000000000158b8                OS_TaskStat
                0x0000000000015994                OS_TaskStatStkChk
                0x0000000000015a60                OS_TCBInit
 .text          0x0000000000015d34      0x190 ../Pac-Man_bsp/\libucosii_bsp.a(os_dbg.o)
                0x0000000000015d34                OSDebugInit
 .text          0x0000000000015ec4     0x1714 ../Pac-Man_bsp/\libucosii_bsp.a(os_flag.o)
                0x0000000000015ec4                OSFlagAccept
                0x00000000000161cc                OSFlagCreate
                0x00000000000162d4                OSFlagDel
                0x000000000001651c                OSFlagNameGet
                0x0000000000016644                OSFlagNameSet
                0x0000000000016790                OSFlagPend
                0x0000000000016d48                OSFlagPendGetFlagsRdy
                0x0000000000016da8                OSFlagPost
                0x000000000001713c                OSFlagQuery
                0x0000000000017360                OS_FlagInit
                0x0000000000017534                OS_FlagUnlink
 .text          0x00000000000175d8      0x754 ../Pac-Man_bsp/\libucosii_bsp.a(os_mem.o)
                0x00000000000175d8                OSMemCreate
                0x00000000000177ac                OSMemGet
                0x000000000001789c                OSMemNameGet
                0x000000000001798c                OSMemNameSet
                0x0000000000017aa0                OSMemPut
                0x0000000000017b78                OSMemQuery
                0x0000000000017c60                OS_MemInit
 .text          0x0000000000017d2c     0x1104 ../Pac-Man_bsp/\libucosii_bsp.a(os_q.o)
                0x0000000000017d2c                OSQAccept
                0x0000000000017e6c                OSQCreate
                0x0000000000018018                OSQDel
                0x0000000000018298                OSQFlush
                0x0000000000018350                OSQPend
                0x00000000000185dc                OSQPendAbort
                0x0000000000018748                OSQPost
                0x00000000000188b0                OSQPostFront
                0x0000000000018a20                OSQPostOpt
                0x0000000000018c2c                OSQQuery
                0x0000000000018d88                OS_QInit
 .text          0x0000000000018e30      0xa60 ../Pac-Man_bsp/\libucosii_bsp.a(os_sem.o)
                0x0000000000018e30                OSSemAccept
                0x0000000000018ee0                OSSemCreate
                0x0000000000018fb8                OSSemDel
                0x00000000000191f8                OSSemPend
                0x0000000000019404                OSSemPendAbort
                0x0000000000019570                OSSemPost
                0x0000000000019680                OSSemQuery
                0x0000000000019790                OSSemSet
 .text          0x0000000000019890     0x176c ../Pac-Man_bsp/\libucosii_bsp.a(os_task.o)
                0x0000000000019890                OSTaskChangePrio
                0x0000000000019d80                OSTaskCreate
                0x0000000000019f2c                OSTaskCreateExt
                0x000000000001a110                OSTaskDel
                0x000000000001a454                OSTaskDelReq
                0x000000000001a5a4                OSTaskNameGet
                0x000000000001a73c                OSTaskNameSet
                0x000000000001a8f0                OSTaskResume
                0x000000000001aac4                OSTaskStkChk
                0x000000000001ac84                OSTaskSuspend
                0x000000000001ae68                OSTaskQuery
                0x000000000001af8c                OS_TaskStkClr
 .text          0x000000000001affc      0x4f4 ../Pac-Man_bsp/\libucosii_bsp.a(os_time.o)
                0x000000000001affc                OSTimeDly
                0x000000000001b100                OSTimeDlyHMSM
                0x000000000001b260                OSTimeDlyResume
                0x000000000001b434                OSTimeGet
                0x000000000001b490                OSTimeSet
 .text          0x000000000001b4f0      0x880 ../Pac-Man_bsp/\libucosii_bsp.a(alt_sys_init.o)
                0x000000000001b524                alt_irq_init
                0x000000000001b55c                alt_sys_init
 .text          0x000000000001bd70      0x164 ../Pac-Man_bsp/\libucosii_bsp.a(altera_avalon_jtag_uart_fd.o)
                0x000000000001bd70                altera_avalon_jtag_uart_read_fd
                0x000000000001bdd0                altera_avalon_jtag_uart_write_fd
                0x000000000001be30                altera_avalon_jtag_uart_close_fd
                0x000000000001be80                altera_avalon_jtag_uart_ioctl_fd
 .text          0x000000000001bed4      0x550 ../Pac-Man_bsp/\libucosii_bsp.a(altera_avalon_jtag_uart_init.o)
                0x000000000001bed4                altera_avalon_jtag_uart_init
                0x000000000001c3bc                altera_avalon_jtag_uart_close